Archive member included because of file (symbol)

libsam_sam3x8e_gcc_rel.a(startup_sam3xa.o)
                              (Reset_Handler)
libsam_sam3x8e_gcc_rel.a(uotghs.o)
                              libsam_sam3x8e_gcc_rel.a(startup_sam3xa.o) (UOTGHS_Handler)
core.a(cortex_handlers.c.o)   libsam_sam3x8e_gcc_rel.a(startup_sam3xa.o) (HardFault_Handler)
core.a(hooks.c.o)             core.a(cortex_handlers.c.o) (sysTickHook)
core.a(wiring.c.o)            sketch.cpp.o (delay)
core.a(wiring_digital.c.o)    sketch.cpp.o (pinMode)
core.a(main.cpp.o)            libsam_sam3x8e_gcc_rel.a(startup_sam3xa.o) (main)
core.a(Reset.cpp.o)           core.a(cortex_handlers.c.o) (tickReset)
core.a(USBCore.cpp.o)         core.a(main.cpp.o) (USBDevice_::attach())
core.a(variant.cpp.o)         core.a(main.cpp.o) (init)
core.a(wiring_analog.c.o)     core.a(variant.cpp.o) (analogOutputInit)
core.a(RingBuffer.cpp.o)      core.a(variant.cpp.o) (RingBuffer::RingBuffer())
core.a(UARTClass.cpp.o)       core.a(variant.cpp.o) (UARTClass::UARTClass(Uart*, IRQn, unsigned long, RingBuffer*))
core.a(USARTClass.cpp.o)      core.a(variant.cpp.o) (USARTClass::USARTClass(Usart*, IRQn, unsigned long, RingBuffer*))
core.a(CDC.cpp.o)             core.a(USBCore.cpp.o) (Serial_::accept())
core.a(HID.cpp.o)             core.a(USBCore.cpp.o) (HID_GetInterface(unsigned char*))
core.a(cxxabi-compat.cpp.o)   core.a(UARTClass.cpp.o) (__cxa_pure_virtual)
core.a(Print.cpp.o)           core.a(UARTClass.cpp.o) (Print::write(unsigned char const*, unsigned int))
core.a(WString.cpp.o)         core.a(Print.cpp.o) (String::operator[](unsigned int) const)
core.a(itoa.c.o)              core.a(WString.cpp.o) (ltoa)
libsam_sam3x8e_gcc_rel.a(pio.o)
                              core.a(wiring_digital.c.o) (PIO_PullUp)
libsam_sam3x8e_gcc_rel.a(pmc.o)
                              core.a(wiring_digital.c.o) (pmc_enable_periph_clk)
libsam_sam3x8e_gcc_rel.a(pwmc.o)
                              core.a(wiring_analog.c.o) (PWMC_ConfigureChannel)
libsam_sam3x8e_gcc_rel.a(tc.o)
                              core.a(wiring_analog.c.o) (TC_Configure)
libsam_sam3x8e_gcc_rel.a(timetick.o)
                              core.a(cortex_handlers.c.o) (TimeTick_Increment)
libsam_sam3x8e_gcc_rel.a(wdt.o)
                              core.a(variant.cpp.o) (WDT_Disable)
libsam_sam3x8e_gcc_rel.a(system_sam3xa.o)
                              core.a(variant.cpp.o) (SystemInit)
libsam_sam3x8e_gcc_rel.a(adc.o)
                              core.a(variant.cpp.o) (adc_init)
libsam_sam3x8e_gcc_rel.a(interrupt_sam_nvic.o)
                              core.a(USBCore.cpp.o) (g_interrupt_enabled)
libsam_sam3x8e_gcc_rel.a(uotghs_device.o)
                              core.a(USBCore.cpp.o) (UDD_SetStack)
libsam_sam3x8e_gcc_rel.a(dacc.o)
                              core.a(wiring_analog.c.o) (dacc_reset)
c:/program files (x86)/codesourcery/sourcery_codebench_lite_for_arm_eabi/bin/../lib/gcc/arm-none-eabi/4.7.3/../../../../arm-none-eabi/lib/thumb2\libm.a(lib_a-s_fpclassify.o)
                              core.a(Print.cpp.o) (__fpclassifyd)
c:/program files (x86)/codesourcery/sourcery_codebench_lite_for_arm_eabi/bin/../lib/gcc/arm-none-eabi/4.7.3/thumb2\libgcc.a(_arm_addsubdf3.o)
                              core.a(Print.cpp.o) (__aeabi_dsub)
c:/program files (x86)/codesourcery/sourcery_codebench_lite_for_arm_eabi/bin/../lib/gcc/arm-none-eabi/4.7.3/thumb2\libgcc.a(_arm_muldivdf3.o)
                              core.a(Print.cpp.o) (__aeabi_dmul)
c:/program files (x86)/codesourcery/sourcery_codebench_lite_for_arm_eabi/bin/../lib/gcc/arm-none-eabi/4.7.3/thumb2\libgcc.a(_arm_cmpdf2.o)
                              core.a(Print.cpp.o) (__aeabi_dcmplt)
c:/program files (x86)/codesourcery/sourcery_codebench_lite_for_arm_eabi/bin/../lib/gcc/arm-none-eabi/4.7.3/thumb2\libgcc.a(_arm_fixdfsi.o)
                              core.a(Print.cpp.o) (__aeabi_d2iz)
c:/program files (x86)/codesourcery/sourcery_codebench_lite_for_arm_eabi/bin/../lib/gcc/arm-none-eabi/4.7.3/thumb2\libgcc.a(_arm_fixunsdfsi.o)
                              core.a(Print.cpp.o) (__aeabi_d2uiz)
c:/program files (x86)/codesourcery/sourcery_codebench_lite_for_arm_eabi/bin/../lib/gcc/arm-none-eabi/4.7.3/../../../../arm-none-eabi/lib/thumb2\libc.a(lib_a-assert.o)
                              libsam_sam3x8e_gcc_rel.a(pwmc.o) (__assert_func)
c:/program files (x86)/codesourcery/sourcery_codebench_lite_for_arm_eabi/bin/../lib/gcc/arm-none-eabi/4.7.3/../../../../arm-none-eabi/lib/thumb2\libc.a(lib_a-atol.o)
                              core.a(WString.cpp.o) (atol)
c:/program files (x86)/codesourcery/sourcery_codebench_lite_for_arm_eabi/bin/../lib/gcc/arm-none-eabi/4.7.3/../../../../arm-none-eabi/lib/thumb2\libc.a(lib_a-fiprintf.o)
                              c:/program files (x86)/codesourcery/sourcery_codebench_lite_for_arm_eabi/bin/../lib/gcc/arm-none-eabi/4.7.3/../../../../arm-none-eabi/lib/thumb2\libc.a(lib_a-assert.o) (fiprintf)
[...]
Memory Configuration

Name             Origin             Length             Attributes
rom              0x00080000         0x00080000         xr
sram0            0x20000000         0x00010000         xrw
sram1            0x20080000         0x00008000         xrw
ram              0x20070000         0x00018000         xrw
*default*        0x00000000         0xffffffff

Linker script and memory map

LOAD c:/program files (x86)/codesourcery/sourcery_codebench_lite_for_arm_eabi/bin/../lib/gcc/arm-none-eabi/4.7.3/thumb2/crti.o
LOAD c:/program files (x86)/codesourcery/sourcery_codebench_lite_for_arm_eabi/bin/../lib/gcc/arm-none-eabi/4.7.3/thumb2/crtbegin.o
LOAD c:/program files (x86)/codesourcery/sourcery_codebench_lite_for_arm_eabi/bin/../lib/gcc/arm-none-eabi/4.7.3/thumb2\libgcc.a
START GROUP
LOAD syscalls_sam3.c.o
LOAD sketch.cpp.o
LOAD libsam_sam3x8e_gcc_rel.a
LOAD core.a
END GROUP
LOAD c:/program files (x86)/codesourcery/sourcery_codebench_lite_for_arm_eabi/bin/../lib/gcc/arm-none-eabi/4.7.3/../../../../arm-none-eabi/lib/thumb2\libstdc++.a
LOAD c:/program files (x86)/codesourcery/sourcery_codebench_lite_for_arm_eabi/bin/../lib/gcc/arm-none-eabi/4.7.3/../../../../arm-none-eabi/lib/thumb2\libm.a
START GROUP
LOAD c:/program files (x86)/codesourcery/sourcery_codebench_lite_for_arm_eabi/bin/../lib/gcc/arm-none-eabi/4.7.3/thumb2\libgcc.a
LOAD c:/program files (x86)/codesourcery/sourcery_codebench_lite_for_arm_eabi/bin/../lib/gcc/arm-none-eabi/4.7.3/../../../../arm-none-eabi/lib/thumb2\libc.a
END GROUP
LOAD c:/program files (x86)/codesourcery/sourcery_codebench_lite_for_arm_eabi/bin/../lib/gcc/arm-none-eabi/4.7.3/thumb2/crtend.o
LOAD c:/program files (x86)/codesourcery/sourcery_codebench_lite_for_arm_eabi/bin/../lib/gcc/arm-none-eabi/4.7.3/thumb2/crtn.o

.text           0x00080000     0x2698
                0x00080000                . = ALIGN (0x4)
                0x00080000                _sfixed = .
 *(.vectors .vectors.*)
 .vectors       0x00080000       0xf4 libsam_sam3x8e_gcc_rel.a(startup_sam3xa.o)
                0x00080000                exception_table
 *(.text .text.* .gnu.linkonce.t.*)
 .text          0x000800f4       0xc8 c:/program files (x86)/codesourcery/sourcery_codebench_lite_for_arm_eabi/bin/../lib/gcc/arm-none-eabi/4.7.3/thumb2/crtbegin.o
 .text.setup    0x000801bc       0x10 sketch.cpp.o
                0x000801bc                setup
 .text.loop     0x000801cc       0x2c sketch.cpp.o
                0x000801cc                loop
 .text.Reset_Handler
                0x000801f8       0x70 libsam_sam3x8e_gcc_rel.a(startup_sam3xa.o)
                0x000801f8                Reset_Handler
 .text.UOTGHS_Handler
                0x00080268       0x10 libsam_sam3x8e_gcc_rel.a(uotghs.o)
                0x00080268                UOTGHS_Handler
 .text.__halt   0x00080278        0x2 core.a(cortex_handlers.c.o)
                0x00080278                DACC_Handler
                0x00080278                DebugMon_Handler
                0x00080278                DMAC_Handler
                0x00080278                TRNG_Handler
                0x00080278                HardFault_Handler
                0x00080278                TC2_Handler
                0x00080278                TWI1_Handler
                0x00080278                NMI_Handler
                0x00080278                TC7_Handler
                0x00080278                ADC_Handler
                0x00080278                SMC_Handler
                0x00080278                RTT_Handler
                0x00080278                EFC1_Handler
                0x00080278                PIOB_Handler
                0x00080278                RTC_Handler
                0x00080278                UsageFault_Handler
                0x00080278                TC6_Handler
                0x00080278                WDT_Handler
                0x00080278                CAN0_Handler
                0x00080278                TC4_Handler
                0x00080278                TC1_Handler
                0x00080278                HSMCI_Handler
                0x00080278                TC3_Handler
                0x00080278                TWI0_Handler
                0x00080278                PIOA_Handler
                0x00080278                SSC_Handler
                0x00080278                EFC0_Handler
                0x00080278                PMC_Handler
                0x00080278                PWM_Handler
                0x00080278                CAN1_Handler
                0x00080278                MemManage_Handler
                0x00080278                SUPC_Handler
                0x00080278                TC8_Handler
                0x00080278                USART2_Handler
                0x00080278                PIOD_Handler
                0x00080278                EMAC_Handler
                0x00080278                PIOC_Handler
                0x00080278                BusFault_Handler
                0x00080278                RSTC_Handler
                0x00080278                TC0_Handler
                0x00080278                TC5_Handler
                0x00080278                SPI0_Handler
 .text.SVC_Handler
                0x0008027a        0x4 core.a(cortex_handlers.c.o)
                0x0008027a                SVC_Handler
 .text.PendSV_Handler
                0x0008027e        0x4 core.a(cortex_handlers.c.o)
                0x0008027e                PendSV_Handler
 .text.SysTick_Handler
                0x00080282       0x16 core.a(cortex_handlers.c.o)
                0x00080282                SysTick_Handler
 .text.__empty  0x00080298        0x2 core.a(hooks.c.o)
                0x00080298                yield
 .text.__false  0x0008029a        0x4 core.a(hooks.c.o)
                0x0008029a                sysTickHook
 .text.__halt   0x0008029e        0x2 core.a(hooks.c.o)
                0x0008029e                svcHook
                0x0008029e                pendSVHook
 .text.delay    0x000802a0       0x1a core.a(wiring.c.o)
                0x000802a0                delay
 *fill*         0x000802ba        0x2 
 .text.pinMode  0x000802bc       0x68 core.a(wiring_digital.c.o)
                0x000802bc                pinMode
 .text.digitalWrite
                0x00080324       0x48 core.a(wiring_digital.c.o)
                0x00080324                digitalWrite
 .text.startup.main
                0x0008036c       0x30 core.a(main.cpp.o)
                0x0008036c                main
 .text.initiateReset
                0x0008039c        0xc core.a(Reset.cpp.o)
                0x0008039c                initiateReset
 .text.cancelReset
                0x000803a8       0x10 core.a(Reset.cpp.o)
                0x000803a8                cancelReset
 .text.tickReset
                0x000803b8       0x20 core.a(Reset.cpp.o)
                0x000803b8                tickReset
 .text.unlikely._ZL11USB_SendZlpv
                0x000803d8       0x20 core.a(USBCore.cpp.o)
 .text._Z14USBD_Availablem
                0x000803f8       0x2c core.a(USBCore.cpp.o)
                0x000803f8                USBD_Available(unsigned long)
 .text._Z9USBD_RecvmPvm
                0x00080424       0x78 core.a(USBCore.cpp.o)
                0x00080424                USBD_Recv(unsigned long, void*, unsigned long)
 .text._Z9USBD_Recvm
                0x0008049c       0x1e core.a(USBCore.cpp.o)
                0x0008049c                USBD_Recv(unsigned long)
 *fill*         0x000804ba        0x2 
 .text._Z9USBD_SendmPKvm
                0x000804bc       0x4c core.a(USBCore.cpp.o)
                0x000804bc                USBD_Send(unsigned long, void const*, unsigned long)
 .text._Z16USBD_SendControlhPKvm
                0x00080508       0x40 core.a(USBCore.cpp.o)
                0x00080508                USBD_SendControl(unsigned char, void const*, unsigned long)
 .text._Z16USBD_RecvControlPvm
                0x00080548       0x1c core.a(USBCore.cpp.o)
                0x00080548                USBD_RecvControl(void*, unsigned long)
 .text._Z26USBD_ClassInterfaceRequestR5Setup
                0x00080564       0x14 core.a(USBCore.cpp.o)
                0x00080564                USBD_ClassInterfaceRequest(Setup&)
 .text._Z19USBD_SendInterfacesv
                0x00080578       0x1c core.a(USBCore.cpp.o)
                0x00080578                USBD_SendInterfaces()
 .text._Z24USBD_SendOtherInterfacesv
                0x00080594       0x1c core.a(USBCore.cpp.o)
                0x00080594                USBD_SendOtherInterfaces()
 .text._Z10USBD_Flushm
                0x000805b0       0x16 core.a(USBCore.cpp.o)
                0x000805b0                USBD_Flush(unsigned long)
 *fill*         0x000805c6        0x2 
 .text._ZN10USBDevice_C2Ev
                0x000805c8       0x24 core.a(USBCore.cpp.o)
                0x000805c8                USBDevice_::USBDevice_()
                0x000805c8                USBDevice_::USBDevice_()
 .text._ZN10USBDevice_6attachEv
                0x000805ec       0x20 core.a(USBCore.cpp.o)
                0x000805ec                USBDevice_::attach()
 .text.startup._GLOBAL__sub_I_TxLEDPulse
                0x0008060c        0xc core.a(USBCore.cpp.o)
 .text._ZL7USB_ISRv
                0x00080618      0x434 core.a(USBCore.cpp.o)
 .text.UART_Handler
                0x00080a4c        0xc core.a(variant.cpp.o)
                0x00080a4c                UART_Handler
 .text.USART0_Handler
                0x00080a58        0xc core.a(variant.cpp.o)
                0x00080a58                USART0_Handler
 .text.USART1_Handler
                0x00080a64        0xc core.a(variant.cpp.o)
                0x00080a64                USART1_Handler
 .text.USART3_Handler
                0x00080a70        0xc core.a(variant.cpp.o)
                0x00080a70                USART3_Handler
 .text.init     0x00080a7c      0x114 core.a(variant.cpp.o)
                0x00080a7c                init
 .text.startup._GLOBAL__sub_I_g_APinDescription
                0x00080b90       0x8c core.a(variant.cpp.o)
 .text.analogOutputInit
                0x00080c1c       0x14 core.a(wiring_analog.c.o)
                0x00080c1c                analogOutputInit
 .text._ZN10RingBufferC2Ev
                0x00080c30       0x16 core.a(RingBuffer.cpp.o)
                0x00080c30                RingBuffer::RingBuffer()
                0x00080c30                RingBuffer::RingBuffer()
 .text._ZN10RingBuffer10store_charEh
                0x00080c46       0x16 core.a(RingBuffer.cpp.o)
                0x00080c46                RingBuffer::store_char(unsigned char)
 .text._ZN9UARTClasscvbEv
                0x00080c5c        0x4 core.a(UARTClass.cpp.o)
                0x00080c5c                UARTClass::operator bool()
 .text._ZN9UARTClass9availableEv
                0x00080c60        0xe core.a(UARTClass.cpp.o)
                0x00080c60                UARTClass::available()
 .text._ZN9UARTClass4peekEv
                0x00080c6e       0x12 core.a(UARTClass.cpp.o)
                0x00080c6e                UARTClass::peek()
 .text._ZN9UARTClass4readEv
                0x00080c80       0x1c core.a(UARTClass.cpp.o)
                0x00080c80                UARTClass::read()
 .text._ZN9UARTClass5flushEv
                0x00080c9c        0xa core.a(UARTClass.cpp.o)
                0x00080c9c                UARTClass::flush()
 .text._ZN9UARTClass5writeEh
                0x00080ca6        0xe core.a(UARTClass.cpp.o)
                0x00080ca6                UARTClass::write(unsigned char)
 .text._ZN9UARTClassC2EP4Uart4IRQnmP10RingBuffer
                0x00080cb4       0x24 core.a(UARTClass.cpp.o)
                0x00080cb4                UARTClass::UARTClass(Uart*, IRQn, unsigned long, RingBuffer*)
                0x00080cb4                UARTClass::UARTClass(Uart*, IRQn, unsigned long, RingBuffer*)
 .text._ZN9UARTClass10IrqHandlerEv
                0x00080cd8       0x28 core.a(UARTClass.cpp.o)
                0x00080cd8                UARTClass::IrqHandler()
 .text._ZN10USARTClasscvbEv
                0x00080d00        0x4 core.a(USARTClass.cpp.o)
                0x00080d00                USARTClass::operator bool()
 .text._ZN10USARTClass9availableEv
                0x00080d04        0xe core.a(USARTClass.cpp.o)
                0x00080d04                USARTClass::available()
 .text._ZN10USARTClass4peekEv
                0x00080d12       0x12 core.a(USARTClass.cpp.o)
                0x00080d12                USARTClass::peek()
 .text._ZN10USARTClass4readEv
                0x00080d24       0x1c core.a(USARTClass.cpp.o)
                0x00080d24                USARTClass::read()
 .text._ZN10USARTClass5flushEv
                0x00080d40        0xa core.a(USARTClass.cpp.o)
                0x00080d40                USARTClass::flush()
 .text._ZN10USARTClass5writeEh
                0x00080d4a        0xe core.a(USARTClass.cpp.o)
                0x00080d4a                USARTClass::write(unsigned char)
 .text._ZN10USARTClassC2EP5Usart4IRQnmP10RingBuffer
                0x00080d58       0x24 core.a(USARTClass.cpp.o)
                0x00080d58                USARTClass::USARTClass(Usart*, IRQn, unsigned long, RingBuffer*)
                0x00080d58                USARTClass::USARTClass(Usart*, IRQn, unsigned long, RingBuffer*)
 .text._ZN10USARTClass10IrqHandlerEv
                0x00080d7c       0x28 core.a(USARTClass.cpp.o)
                0x00080d7c                USARTClass::IrqHandler()
 .text._ZN7Serial_9availableEv
                0x00080da4       0x18 core.a(CDC.cpp.o)
                0x00080da4                Serial_::available()
 .text._ZN7Serial_4peekEv
                0x00080dbc       0x20 core.a(CDC.cpp.o)
                0x00080dbc                Serial_::peek()
 .text._ZN7Serial_5writeEh
                0x00080ddc       0x14 core.a(CDC.cpp.o)
                0x00080ddc                Serial_::write(unsigned char)
 .text._ZN7Serial_5flushEv
                0x00080df0        0x6 core.a(CDC.cpp.o)
                0x00080df0                Serial_::flush()
 *fill*         0x00080df6        0x2 
 .text._ZN7Serial_4readEv
                0x00080df8       0x44 core.a(CDC.cpp.o)
                0x00080df8                Serial_::read()
 .text._ZN7Serial_6acceptEv
                0x00080e3c       0x68 core.a(CDC.cpp.o)
                0x00080e3c                Serial_::accept()
 .text._ZN7Serial_5writeEPKhj
                0x00080ea4       0x28 core.a(CDC.cpp.o)
                0x00080ea4                Serial_::write(unsigned char const*, unsigned int)
 .text._Z16CDC_GetInterfacePh
                0x00080ecc       0x14 core.a(CDC.cpp.o)
                0x00080ecc                CDC_GetInterface(unsigned char*)
 .text._Z21CDC_GetOtherInterfacePh
                0x00080ee0       0x14 core.a(CDC.cpp.o)
                0x00080ee0                CDC_GetOtherInterface(unsigned char*)
 .text._Z9CDC_SetupR5Setup
                0x00080ef4       0x60 core.a(CDC.cpp.o)
                0x00080ef4                CDC_Setup(Setup&)
 .text.startup._GLOBAL__sub_I_cdc_rx_buffer
                0x00080f54       0x1c core.a(CDC.cpp.o)
 .text._ZN9Keyboard_5writeEh
                0x00080f70       0x1c core.a(HID.cpp.o)
                0x00080f70                Keyboard_::write(unsigned char)
 .text._Z16HID_GetInterfacePh
                0x00080f8c       0x14 core.a(HID.cpp.o)
                0x00080f8c                HID_GetInterface(unsigned char*)
 .text._Z17HID_GetDescriptori
                0x00080fa0       0x10 core.a(HID.cpp.o)
                0x00080fa0                HID_GetDescriptor(int)
 .text._Z14HID_SendReporthPKvm
                0x00080fb0       0x2c core.a(HID.cpp.o)
                0x00080fb0                HID_SendReport(unsigned char, void const*, unsigned long)
 .text._Z9HID_SetupR5Setup
                0x00080fdc       0x40 core.a(HID.cpp.o)
                0x00080fdc                HID_Setup(Setup&)
 .text._ZN9Keyboard_10sendReportEP9KeyReport
                0x0008101c        0xc core.a(HID.cpp.o)
                0x0008101c                Keyboard_::sendReport(KeyReport*)
 .text._ZN9Keyboard_10releaseAllEv
                0x00081028       0x18 core.a(HID.cpp.o)
                0x00081028                Keyboard_::releaseAll()
 .text._ZN9Keyboard_7releaseEh
                0x00081040       0x68 core.a(HID.cpp.o)
                0x00081040                Keyboard_::release(unsigned char)
 .text._ZN9Keyboard_5pressEh
                0x000810a8       0x8c core.a(HID.cpp.o)
                0x000810a8                Keyboard_::press(unsigned char)
 .text.startup._GLOBAL__sub_I_Mouse
                0x00081134       0x1c core.a(HID.cpp.o)
 .text._ZN5Print5writeEPKhj
                0x00081150       0x22 core.a(Print.cpp.o)
                0x00081150                Print::write(unsigned char const*, unsigned int)
 .text.PIO_DisableInterrupt
                0x00081172        0x4 libsam_sam3x8e_gcc_rel.a(pio.o)
                0x00081172                PIO_DisableInterrupt
 .text.PIO_PullUp
                0x00081176        0xa libsam_sam3x8e_gcc_rel.a(pio.o)
                0x00081176                PIO_PullUp
 .text.PIO_SetPeripheral
                0x00081180       0x2a libsam_sam3x8e_gcc_rel.a(pio.o)
                0x00081180                PIO_SetPeripheral
 *fill*         0x000811aa        0x2 
 .text.PIO_SetInput
                0x000811ac       0x40 libsam_sam3x8e_gcc_rel.a(pio.o)
                0x000811ac                PIO_SetInput
 .text.PIO_SetOutput
                0x000811ec       0x38 libsam_sam3x8e_gcc_rel.a(pio.o)
                0x000811ec                PIO_SetOutput
 .text.PIO_Configure
                0x00081224       0x74 libsam_sam3x8e_gcc_rel.a(pio.o)
                0x00081224                PIO_Configure
 .text.PIO_GetOutputDataStatus
                0x00081298       0x16 libsam_sam3x8e_gcc_rel.a(pio.o)
                0x00081298                PIO_GetOutputDataStatus
 *fill*         0x000812ae        0x2 
 .text.pmc_enable_upll_clock
                0x000812b0       0x18 libsam_sam3x8e_gcc_rel.a(pmc.o)
                0x000812b0                pmc_enable_upll_clock
 .text.pmc_enable_periph_clk
                0x000812c8       0x48 libsam_sam3x8e_gcc_rel.a(pmc.o)
                0x000812c8                pmc_enable_periph_clk
 .text.pmc_disable_periph_clk
                0x00081310       0x48 libsam_sam3x8e_gcc_rel.a(pmc.o)
                0x00081310                pmc_disable_periph_clk
 .text.pmc_switch_udpck_to_upllck
                0x00081358       0x14 libsam_sam3x8e_gcc_rel.a(pmc.o)
                0x00081358                pmc_switch_udpck_to_upllck
 .text.pmc_enable_udpck
                0x0008136c        0xc libsam_sam3x8e_gcc_rel.a(pmc.o)
                0x0008136c                pmc_enable_udpck
 .text.TimeTick_Increment
                0x00081378       0x10 libsam_sam3x8e_gcc_rel.a(timetick.o)
                0x00081378                TimeTick_Increment
 .text.GetTickCount
                0x00081388        0xc libsam_sam3x8e_gcc_rel.a(timetick.o)
                0x00081388                GetTickCount
 .text.WDT_Disable
                0x00081394        0x8 libsam_sam3x8e_gcc_rel.a(wdt.o)
                0x00081394                WDT_Disable
 .text.SystemInit
                0x0008139c       0x9c libsam_sam3x8e_gcc_rel.a(system_sam3xa.o)
                0x0008139c                SystemInit
 .text.adc_init
                0x00081438       0x3a libsam_sam3x8e_gcc_rel.a(adc.o)
                0x00081438                adc_init
 .text.adc_configure_trigger
                0x00081472       0x10 libsam_sam3x8e_gcc_rel.a(adc.o)
                0x00081472                adc_configure_trigger
 .text.adc_configure_timing
                0x00081482       0x1a libsam_sam3x8e_gcc_rel.a(adc.o)
                0x00081482                adc_configure_timing
 .text.adc_disable_all_channel
                0x0008149c        0x8 libsam_sam3x8e_gcc_rel.a(adc.o)
                0x0008149c                adc_disable_all_channel
 .text.adc_disable_interrupt
                0x000814a4        0x4 libsam_sam3x8e_gcc_rel.a(adc.o)
                0x000814a4                adc_disable_interrupt
 .text.UDD_SetStack
                0x000814a8        0xc libsam_sam3x8e_gcc_rel.a(uotghs_device.o)
                0x000814a8                UDD_SetStack
 .text.UDD_Init
                0x000814b4       0xd0 libsam_sam3x8e_gcc_rel.a(uotghs_device.o)
                0x000814b4                UDD_Init
 .text.UDD_Attach
                0x00081584       0x4c libsam_sam3x8e_gcc_rel.a(uotghs_device.o)
                0x00081584                UDD_Attach
 .text.UDD_InitEP
                0x000815d0       0x30 libsam_sam3x8e_gcc_rel.a(uotghs_device.o)
                0x000815d0                UDD_InitEP
 .text.UDD_InitEndpoints
                0x00081600       0x3c libsam_sam3x8e_gcc_rel.a(uotghs_device.o)
                0x00081600                UDD_InitEndpoints
 .text.UDD_WaitIN
                0x0008163c       0x14 libsam_sam3x8e_gcc_rel.a(uotghs_device.o)
                0x0008163c                UDD_WaitIN
 .text.UDD_WaitOUT
                0x00081650       0x14 libsam_sam3x8e_gcc_rel.a(uotghs_device.o)
                0x00081650                UDD_WaitOUT
 .text.UDD_ClearIN
                0x00081664       0x18 libsam_sam3x8e_gcc_rel.a(uotghs_device.o)
                0x00081664                UDD_ClearIN
 .text.UDD_ClearOUT
                0x0008167c       0x18 libsam_sam3x8e_gcc_rel.a(uotghs_device.o)
                0x0008167c                UDD_ClearOUT
 .text.UDD_ReceivedSetupInt
                0x00081694       0x10 libsam_sam3x8e_gcc_rel.a(uotghs_device.o)
                0x00081694                UDD_ReceivedSetupInt
 .text.UDD_ClearSetupInt
                0x000816a4       0x10 libsam_sam3x8e_gcc_rel.a(uotghs_device.o)
                0x000816a4                UDD_ClearSetupInt
 .text.UDD_Send
                0x000816b4       0x90 libsam_sam3x8e_gcc_rel.a(uotghs_device.o)
                0x000816b4                UDD_Send
 .text.UDD_Send8
                0x00081744       0x28 libsam_sam3x8e_gcc_rel.a(uotghs_device.o)
                0x00081744                UDD_Send8
 .text.UDD_Recv8
                0x0008176c       0x28 libsam_sam3x8e_gcc_rel.a(uotghs_device.o)
                0x0008176c                UDD_Recv8
 .text.UDD_Recv
                0x00081794       0x34 libsam_sam3x8e_gcc_rel.a(uotghs_device.o)
                0x00081794                UDD_Recv
 .text.UDD_Stall
                0x000817c8       0x14 libsam_sam3x8e_gcc_rel.a(uotghs_device.o)
                0x000817c8                UDD_Stall
 .text.UDD_FifoByteCount
                0x000817dc       0x1c libsam_sam3x8e_gcc_rel.a(uotghs_device.o)
                0x000817dc                UDD_FifoByteCount
 .text.UDD_ReleaseRX
                0x000817f8       0x2c libsam_sam3x8e_gcc_rel.a(uotghs_device.o)
                0x000817f8                UDD_ReleaseRX
 .text.UDD_ReleaseTX
                0x00081824       0x2c libsam_sam3x8e_gcc_rel.a(uotghs_device.o)
                0x00081824                UDD_ReleaseTX
 .text.UDD_SetAddress
                0x00081850       0x20 libsam_sam3x8e_gcc_rel.a(uotghs_device.o)
                0x00081850                UDD_SetAddress
 .text          0x00081870       0x58 c:/program files (x86)/codesourcery/sourcery_codebench_lite_for_arm_eabi/bin/../lib/gcc/arm-none-eabi/4.7.3/../../../../arm-none-eabi/lib/thumb2\libc.a(lib_a-init.o)
                0x00081870                __libc_init_array
 .text          0x000818c8       0xcc c:/program files (x86)/codesourcery/sourcery_codebench_lite_for_arm_eabi/bin/../lib/gcc/arm-none-eabi/4.7.3/../../../../arm-none-eabi/lib/thumb2\libc.a(lib_a-memset.o)
                0x000818c8                memset
 *(.glue_7t)
 .glue_7t       0x00000000        0x0 linker stubs
 *(.glue_7)
 .glue_7        0x00000000        0x0 linker stubs
 *(.rodata .rodata* .gnu.linkonce.r.*)
 .rodata.USB_DeviceDescriptor
                0x00081994       0x12 core.a(USBCore.cpp.o)
                0x00081994                USB_DeviceDescriptor
 *fill*         0x000819a6        0x2 
 .rodata._ZL9EndPoints
                0x000819a8       0x14 core.a(USBCore.cpp.o)
 .rodata.STRING_IPRODUCT
                0x000819bc       0x22 core.a(USBCore.cpp.o)
                0x000819bc                STRING_IPRODUCT
 .rodata.STRING_LANGUAGE
                0x000819de        0x4 core.a(USBCore.cpp.o)
                0x000819de                STRING_LANGUAGE
 .rodata._ZL18test_packet_buffer
                0x000819e2       0x35 core.a(USBCore.cpp.o)
 *fill*         0x00081a17        0x1 
 .rodata.STRING_IMANUFACTURER
                0x00081a18       0x18 core.a(USBCore.cpp.o)
                0x00081a18                STRING_IMANUFACTURER
 .rodata.USB_DeviceDescriptorA
                0x00081a30       0x12 core.a(USBCore.cpp.o)
                0x00081a30                USB_DeviceDescriptorA
 .rodata._ZL19USB_DeviceQualifier
                0x00081a42       0x12 core.a(USBCore.cpp.o)
 .rodata.g_APinDescription
                0x00081a54      0x9f4 core.a(variant.cpp.o)
                0x00081a54                g_APinDescription
 .rodata._ZTV9UARTClass
                0x00082448       0x28 core.a(UARTClass.cpp.o)
                0x00082448                vtable for UARTClass
 .rodata._ZTV10USARTClass
                0x00082470       0x28 core.a(USARTClass.cpp.o)
                0x00082470                vtable for USARTClass
 .rodata._ZTV7Serial_
                0x00082498       0x28 core.a(CDC.cpp.o)
                0x00082498                vtable for Serial_
 .rodata._ZL18_cdcOtherInterface
                0x000824c0       0x42 core.a(CDC.cpp.o)
 .rodata._ZL13_cdcInterface
                0x00082502       0x42 core.a(CDC.cpp.o)
 *fill*         0x00082544        0x4 
 .rodata._ZTV9Keyboard_
                0x00082548       0x20 core.a(HID.cpp.o)
                0x00082548                vtable for Keyboard_
 .rodata._asciimap
                0x00082568       0x80 core.a(HID.cpp.o)
                0x00082568                _asciimap
 .rodata._hidInterface
                0x000825e8       0x19 core.a(HID.cpp.o)
                0x000825e8                _hidInterface
 .rodata._hidReportDescriptor
                0x00082601       0x65 core.a(HID.cpp.o)
                0x00082601                _hidReportDescriptor
 *(.ARM.extab* .gnu.linkonce.armextab.*)
                0x00082668                . = ALIGN (0x4)
 *fill*         0x00082666        0x2 
 *(.init)
 .init          0x00082668        0x4 c:/program files (x86)/codesourcery/sourcery_codebench_lite_for_arm_eabi/bin/../lib/gcc/arm-none-eabi/4.7.3/thumb2/crti.o
                0x00082668                _init
 .init          0x0008266c        0x8 c:/program files (x86)/codesourcery/sourcery_codebench_lite_for_arm_eabi/bin/../lib/gcc/arm-none-eabi/4.7.3/thumb2/crtn.o
                0x00082674                . = ALIGN (0x4)
                0x00082674                __preinit_array_start = .
 *(.preinit_array)
                0x00082674                __preinit_array_end = .
                0x00082674                . = ALIGN (0x4)
                0x00082674                __init_array_start = .
 *(SORT(.init_array.*))
 *(.init_array)
 .init_array    0x00082674        0x4 c:/program files (x86)/codesourcery/sourcery_codebench_lite_for_arm_eabi/bin/../lib/gcc/arm-none-eabi/4.7.3/thumb2/crtbegin.o
 .init_array    0x00082678        0x4 core.a(USBCore.cpp.o)
 .init_array    0x0008267c        0x4 core.a(variant.cpp.o)
 .init_array    0x00082680        0x4 core.a(CDC.cpp.o)
 .init_array    0x00082684        0x4 core.a(HID.cpp.o)
                0x00082688                __init_array_end = .
                0x00082688                . = ALIGN (0x4)
 *crtbegin.o(.ctors)
 *(EXCLUDE_FILE(*crtend.o) .ctors)
 *(SORT(.ctors.*))
 *crtend.o(.ctors)
                0x00082688                . = ALIGN (0x4)
 *(.fini)
 .fini          0x00082688        0x4 c:/program files (x86)/codesourcery/sourcery_codebench_lite_for_arm_eabi/bin/../lib/gcc/arm-none-eabi/4.7.3/thumb2/crti.o
                0x00082688                _fini
 .fini          0x0008268c        0x8 c:/program files (x86)/codesourcery/sourcery_codebench_lite_for_arm_eabi/bin/../lib/gcc/arm-none-eabi/4.7.3/thumb2/crtn.o
                0x00082694                . = ALIGN (0x4)
                0x00082694                __fini_array_start = .
 *(.fini_array)
 .fini_array    0x00082694        0x4 c:/program files (x86)/codesourcery/sourcery_codebench_lite_for_arm_eabi/bin/../lib/gcc/arm-none-eabi/4.7.3/thumb2/crtbegin.o
 *(SORT(.fini_array.*))
                0x00082698                __fini_array_end = .
 *crtbegin.o(.dtors)
 *(EXCLUDE_FILE(*crtend.o) .dtors)
 *(SORT(.dtors.*))
 *crtend.o(.dtors)
                0x00082698                . = ALIGN (0x4)
                0x00082698                _efixed = .
                0x00082698                PROVIDE (__exidx_start, .)

.vfp11_veneer   0x00082698        0x0
 .vfp11_veneer  0x00000000        0x0 linker stubs

.v4_bx          0x00082698        0x0
 .v4_bx         0x00000000        0x0 linker stubs

.iplt           0x00082698        0x0
 .iplt          0x00000000        0x0 c:/program files (x86)/codesourcery/sourcery_codebench_lite_for_arm_eabi/bin/../lib/gcc/arm-none-eabi/4.7.3/thumb2/crtbegin.o

.eh_frame       0x00082698        0x0
 .eh_frame      0x00082698        0x0 c:/program files (x86)/codesourcery/sourcery_codebench_lite_for_arm_eabi/bin/../lib/gcc/arm-none-eabi/4.7.3/thumb2/crtbegin.o

.rel.dyn        0x00082698        0x0
 .rel.iplt      0x00000000        0x0 c:/program files (x86)/codesourcery/sourcery_codebench_lite_for_arm_eabi/bin/../lib/gcc/arm-none-eabi/4.7.3/thumb2/crtbegin.o

.jcr            0x00082698        0x0
 .jcr           0x00082698        0x0 c:/program files (x86)/codesourcery/sourcery_codebench_lite_for_arm_eabi/bin/../lib/gcc/arm-none-eabi/4.7.3/thumb2/crtbegin.o

.tm_clone_table
                0x00082698        0x0
 .tm_clone_table
                0x00082698        0x0 c:/program files (x86)/codesourcery/sourcery_codebench_lite_for_arm_eabi/bin/../lib/gcc/arm-none-eabi/4.7.3/thumb2/crtbegin.o
 .tm_clone_table
                0x00082698        0x0 c:/program files (x86)/codesourcery/sourcery_codebench_lite_for_arm_eabi/bin/../lib/gcc/arm-none-eabi/4.7.3/thumb2/crtend.o

.igot.plt       0x00082698        0x0
 .igot.plt      0x00000000        0x0 c:/program files (x86)/codesourcery/sourcery_codebench_lite_for_arm_eabi/bin/../lib/gcc/arm-none-eabi/4.7.3/thumb2/crtbegin.o

.ARM.exidx
 *(.ARM.exidx* .gnu.linkonce.armexidx.*)
                0x00082698                PROVIDE (__exidx_end, .)
                0x00082698                . = ALIGN (0x4)
                0x00082698                _etext = .

.relocate       0x20070000       0x4c load address 0x00082698
                0x20070000                . = ALIGN (0x4)
                0x20070000                _srelocate = .
 *(.ramfunc .ramfunc.*)
 .ramfunc       0x20070000       0x30 core.a(Reset.cpp.o)
                0x20070000                banzai
 *(.data .data.*)
 .data.led      0x20070030        0x4 sketch.cpp.o
                0x20070030                led
 .data._ZL5ticks
                0x20070034        0x4 core.a(Reset.cpp.o)
 .data._ZL12_usbLineInfo
                0x20070038        0x8 core.a(CDC.cpp.o)
 .data._hid_protocol
                0x20070040        0x1 core.a(HID.cpp.o)
                0x20070040                _hid_protocol
 .data._hid_idle
                0x20070041        0x1 core.a(HID.cpp.o)
                0x20070041                _hid_idle
 *fill*         0x20070042        0x2 
 .data.SystemCoreClock
                0x20070044        0x4 libsam_sam3x8e_gcc_rel.a(system_sam3xa.o)
                0x20070044                SystemCoreClock
 .data.g_interrupt_enabled
                0x20070048        0x4 libsam_sam3x8e_gcc_rel.a(interrupt_sam_nvic.o)
                0x20070048                g_interrupt_enabled
                0x2007004c                . = ALIGN (0x4)
                0x2007004c                _erelocate = .

.bss            0x2007004c      0x4bc load address 0x000826e4
                0x2007004c                . = ALIGN (0x4)
                0x2007004c                _sbss = .
                0x2007004c                _szero = .
 *(.bss .bss.*)
 .bss           0x2007004c       0x1c c:/program files (x86)/codesourcery/sourcery_codebench_lite_for_arm_eabi/bin/../lib/gcc/arm-none-eabi/4.7.3/thumb2/crtbegin.o
 .bss.gpf_isr   0x20070068        0x4 libsam_sam3x8e_gcc_rel.a(uotghs.o)
                0x20070068                gpf_isr
 .bss._ZL14isEndpointHalt
                0x2007006c        0x1 core.a(USBCore.cpp.o)
 *fill*         0x2007006d        0x3 
 .bss._cmark    0x20070070        0x4 core.a(USBCore.cpp.o)
                0x20070070                _cmark
 .bss._cend     0x20070074        0x4 core.a(USBCore.cpp.o)
                0x20070074                _cend
 .bss._cdcComposite
                0x20070078        0x4 core.a(USBCore.cpp.o)
                0x20070078                _cdcComposite
 .bss._ZL21isRemoteWakeUpEnabled
                0x2007007c        0x1 core.a(USBCore.cpp.o)
 *fill*         0x2007007d        0x3 
 .bss._usbInitialized
                0x20070080        0x4 core.a(USBCore.cpp.o)
                0x20070080                _usbInitialized
 .bss.USBDevice
                0x20070084        0x1 core.a(USBCore.cpp.o)
                0x20070084                USBDevice
 *fill*         0x20070085        0x3 
 .bss._usbSetInterface
                0x20070088        0x4 core.a(USBCore.cpp.o)
                0x20070088                _usbSetInterface
 .bss._usbConfiguration
                0x2007008c        0x4 core.a(USBCore.cpp.o)
                0x2007008c                _usbConfiguration
 .bss.Serial    0x20070090       0x20 core.a(variant.cpp.o)
                0x20070090                Serial
 .bss.rx_buffer1
                0x200700b0       0x48 core.a(variant.cpp.o)
                0x200700b0                rx_buffer1
 .bss.Serial1   0x200700f8       0x20 core.a(variant.cpp.o)
                0x200700f8                Serial1
 .bss.Serial2   0x20070118       0x20 core.a(variant.cpp.o)
                0x20070118                Serial2
 .bss.Serial3   0x20070138       0x20 core.a(variant.cpp.o)
                0x20070138                Serial3
 .bss.rx_buffer2
                0x20070158       0x48 core.a(variant.cpp.o)
                0x20070158                rx_buffer2
 .bss.rx_buffer3
                0x200701a0       0x48 core.a(variant.cpp.o)
                0x200701a0                rx_buffer3
 .bss.rx_buffer4
                0x200701e8       0x48 core.a(variant.cpp.o)
                0x200701e8                rx_buffer4
 .bss.pinEnabled
                0x20070230       0x4f core.a(wiring_analog.c.o)
 *fill*         0x2007027f        0x1 
 .bss.cdc_rx_buffer
                0x20070280      0x208 core.a(CDC.cpp.o)
                0x20070280                cdc_rx_buffer
 .bss._ZZN7Serial_6acceptEvE5guard
                0x20070488        0x4 core.a(CDC.cpp.o)
 .bss.SerialUSB
                0x2007048c       0x14 core.a(CDC.cpp.o)
                0x2007048c                SerialUSB
 .bss.Mouse     0x200704a0        0x1 core.a(HID.cpp.o)
                0x200704a0                Mouse
 *fill*         0x200704a1        0x3 
 .bss.Keyboard  0x200704a4       0x10 core.a(HID.cpp.o)
                0x200704a4                Keyboard
 .bss._dwTickCount
                0x200704b4        0x4 libsam_sam3x8e_gcc_rel.a(timetick.o)
 .bss.ul_recv_fifo_ptr
                0x200704b8       0x28 libsam_sam3x8e_gcc_rel.a(uotghs_device.o)
 .bss.ul_send_fifo_ptr
                0x200704e0       0x28 libsam_sam3x8e_gcc_rel.a(uotghs_device.o)
 *(COMMON)
                0x20070508                . = ALIGN (0x4)
                0x20070508                _ebss = .
                0x20070508                _ezero = .
                0x20070508                . = ALIGN (0x4)
                0x20070508                _end = .

.stack_dummy    0x20070508        0x0
 *(.stack*)
                0x20088000                __StackTop = (ORIGIN (ram) + 0x18000)
                0x20088000                __StackLimit = (__StackTop - SIZEOF (.stack_dummy))
                0x20088000                PROVIDE (_sstack, __StackLimit)
                0x20088000                PROVIDE (_estack, __StackTop)
OUTPUT(sketch.cpp.elf elf32-littlearm)

.ARM.attributes
                0x00000000       0x29
 .ARM.attributes
                0x00000000       0x19 c:/program files (x86)/codesourcery/sourcery_codebench_lite_for_arm_eabi/bin/../lib/gcc/arm-none-eabi/4.7.3/thumb2/crti.o
 .ARM.attributes
                0x00000019       0x29 c:/program files (x86)/codesourcery/sourcery_codebench_lite_for_arm_eabi/bin/../lib/gcc/arm-none-eabi/4.7.3/thumb2/crtbegin.o
 .ARM.attributes
                0x00000042       0x33 sketch.cpp.o
 .ARM.attributes
                0x00000075       0x31 libsam_sam3x8e_gcc_rel.a(startup_sam3xa.o)
 .ARM.attributes
                0x000000a6       0x31 libsam_sam3x8e_gcc_rel.a(uotghs.o)
 .ARM.attributes
                0x000000d7       0x33 core.a(cortex_handlers.c.o)
 .ARM.attributes
                0x0000010a       0x33 core.a(hooks.c.o)
 .ARM.attributes
                0x0000013d       0x33 core.a(wiring.c.o)
 .ARM.attributes
                0x00000170       0x33 core.a(wiring_digital.c.o)
 .ARM.attributes
                0x000001a3       0x33 core.a(main.cpp.o)
 .ARM.attributes
                0x000001d6       0x33 core.a(Reset.cpp.o)
 .ARM.attributes
                0x00000209       0x33 core.a(USBCore.cpp.o)
 .ARM.attributes
                0x0000023c       0x33 core.a(variant.cpp.o)
 .ARM.attributes
                0x0000026f       0x33 core.a(wiring_analog.c.o)
 .ARM.attributes
                0x000002a2       0x33 core.a(RingBuffer.cpp.o)
 .ARM.attributes
                0x000002d5       0x33 core.a(UARTClass.cpp.o)
 .ARM.attributes
                0x00000308       0x33 core.a(USARTClass.cpp.o)
 .ARM.attributes
                0x0000033b       0x33 core.a(CDC.cpp.o)
 .ARM.attributes
                0x0000036e       0x33 core.a(HID.cpp.o)
 .ARM.attributes
                0x000003a1       0x33 core.a(Print.cpp.o)
 .ARM.attributes
                0x000003d4       0x31 libsam_sam3x8e_gcc_rel.a(pio.o)
 .ARM.attributes
                0x00000405       0x31 libsam_sam3x8e_gcc_rel.a(pmc.o)
 .ARM.attributes
                0x00000436       0x31 libsam_sam3x8e_gcc_rel.a(timetick.o)
 .ARM.attributes
                0x00000467       0x31 libsam_sam3x8e_gcc_rel.a(wdt.o)
 .ARM.attributes
                0x00000498       0x31 libsam_sam3x8e_gcc_rel.a(system_sam3xa.o)
 .ARM.attributes
                0x000004c9       0x31 libsam_sam3x8e_gcc_rel.a(adc.o)
 .ARM.attributes
                0x000004fa       0x31 libsam_sam3x8e_gcc_rel.a(interrupt_sam_nvic.o)
 .ARM.attributes
                0x0000052b       0x31 libsam_sam3x8e_gcc_rel.a(uotghs_device.o)
 .ARM.attributes
                0x0000055c       0x29 c:/program files (x86)/codesourcery/sourcery_codebench_lite_for_arm_eabi/bin/../lib/gcc/arm-none-eabi/4.7.3/../../../../arm-none-eabi/lib/thumb2\libc.a(lib_a-init.o)
 .ARM.attributes
                0x00000585       0x29 c:/program files (x86)/codesourcery/sourcery_codebench_lite_for_arm_eabi/bin/../lib/gcc/arm-none-eabi/4.7.3/../../../../arm-none-eabi/lib/thumb2\libc.a(lib_a-memset.o)
 .ARM.attributes
                0x000005ae       0x29 c:/program files (x86)/codesourcery/sourcery_codebench_lite_for_arm_eabi/bin/../lib/gcc/arm-none-eabi/4.7.3/thumb2/crtend.o
 .ARM.attributes
                0x000005d7       0x19 c:/program files (x86)/codesourcery/sourcery_codebench_lite_for_arm_eabi/bin/../lib/gcc/arm-none-eabi/4.7.3/thumb2/crtn.o

.comment        0x00000000       0x5a
 .comment       0x00000000       0x30 sketch.cpp.o
                                 0x31 (size before relaxing)
 .comment       0x00000030       0x2a libsam_sam3x8e_gcc_rel.a(startup_sam3xa.o)
                                 0x2b (size before relaxing)
 .comment       0x00000000       0x2b libsam_sam3x8e_gcc_rel.a(uotghs.o)
 .comment       0x00000000       0x31 core.a(cortex_handlers.c.o)
 .comment       0x00000000       0x31 core.a(hooks.c.o)
 .comment       0x00000000       0x31 core.a(wiring.c.o)
 .comment       0x00000000       0x31 core.a(wiring_digital.c.o)
 .comment       0x00000000       0x31 core.a(main.cpp.o)
 .comment       0x00000000       0x31 core.a(Reset.cpp.o)
 .comment       0x00000000       0x31 core.a(USBCore.cpp.o)
 .comment       0x00000000       0x31 core.a(variant.cpp.o)
 .comment       0x00000000       0x31 core.a(wiring_analog.c.o)
 .comment       0x00000000       0x31 core.a(RingBuffer.cpp.o)
 .comment       0x00000000       0x31 core.a(UARTClass.cpp.o)
 .comment       0x00000000       0x31 core.a(USARTClass.cpp.o)
 .comment       0x00000000       0x31 core.a(CDC.cpp.o)
 .comment       0x00000000       0x31 core.a(HID.cpp.o)
 .comment       0x00000000       0x31 core.a(Print.cpp.o)
 .comment       0x00000000       0x2b libsam_sam3x8e_gcc_rel.a(pio.o)
 .comment       0x00000000       0x2b libsam_sam3x8e_gcc_rel.a(pmc.o)
 .comment       0x00000000       0x2b libsam_sam3x8e_gcc_rel.a(timetick.o)
 .comment       0x00000000       0x2b libsam_sam3x8e_gcc_rel.a(wdt.o)
 .comment       0x00000000       0x2b libsam_sam3x8e_gcc_rel.a(system_sam3xa.o)
 .comment       0x00000000       0x2b libsam_sam3x8e_gcc_rel.a(adc.o)
 .comment       0x00000000       0x2b libsam_sam3x8e_gcc_rel.a(interrupt_sam_nvic.o)
 .comment       0x00000000       0x2b libsam_sam3x8e_gcc_rel.a(uotghs_device.o)

.debug_info     0x00000000    0x1084b
 .debug_info    0x00000000      0x2ca sketch.cpp.o
 .debug_info    0x000002ca      0x2a4 core.a(cortex_handlers.c.o)
 .debug_info    0x0000056e       0x6e core.a(hooks.c.o)
 .debug_info    0x000005dc      0x36b core.a(wiring.c.o)
 .debug_info    0x00000947      0xab4 core.a(wiring_digital.c.o)
 .debug_info    0x000013fb      0x336 core.a(main.cpp.o)
 .debug_info    0x00001731      0x38c core.a(Reset.cpp.o)
 .debug_info    0x00001abd     0x1d8d core.a(USBCore.cpp.o)
 .debug_info    0x0000384a     0x1a16 core.a(variant.cpp.o)
 .debug_info    0x00005260     0x1f17 core.a(wiring_analog.c.o)
 .debug_info    0x00007177      0x1e0 core.a(RingBuffer.cpp.o)
 .debug_info    0x00007357     0x1bf6 core.a(UARTClass.cpp.o)
 .debug_info    0x00008f4d     0x1cde core.a(USARTClass.cpp.o)
 .debug_info    0x0000ac2b     0x26fa core.a(CDC.cpp.o)
 .debug_info    0x0000d325     0x1157 core.a(HID.cpp.o)
 .debug_info    0x0000e47c     0x23cf core.a(Print.cpp.o)

.debug_abbrev   0x00000000     0x2fd7
 .debug_abbrev  0x00000000      0x116 sketch.cpp.o
 .debug_abbrev  0x00000116      0x122 core.a(cortex_handlers.c.o)
 .debug_abbrev  0x00000238       0x4b core.a(hooks.c.o)
 .debug_abbrev  0x00000283      0x17b core.a(wiring.c.o)
 .debug_abbrev  0x000003fe      0x1d7 core.a(wiring_digital.c.o)
 .debug_abbrev  0x000005d5      0x160 core.a(main.cpp.o)
 .debug_abbrev  0x00000735      0x157 core.a(Reset.cpp.o)
 .debug_abbrev  0x0000088c      0x637 core.a(USBCore.cpp.o)
 .debug_abbrev  0x00000ec3      0x373 core.a(variant.cpp.o)
 .debug_abbrev  0x00001236      0x2ff core.a(wiring_analog.c.o)
 .debug_abbrev  0x00001535      0x165 core.a(RingBuffer.cpp.o)
 .debug_abbrev  0x0000169a      0x47f core.a(UARTClass.cpp.o)
 .debug_abbrev  0x00001b19      0x47f core.a(USARTClass.cpp.o)
 .debug_abbrev  0x00001f98      0x622 core.a(CDC.cpp.o)
 .debug_abbrev  0x000025ba      0x59b core.a(HID.cpp.o)
 .debug_abbrev  0x00002b55      0x482 core.a(Print.cpp.o)

.debug_loc      0x00000000     0x3901
 .debug_loc     0x00000000       0x20 sketch.cpp.o
 .debug_loc     0x00000020       0x20 core.a(cortex_handlers.c.o)
 .debug_loc     0x00000040       0xaa core.a(wiring.c.o)
 .debug_loc     0x000000ea      0x166 core.a(wiring_digital.c.o)
 .debug_loc     0x00000250       0x20 core.a(main.cpp.o)
 .debug_loc     0x00000270       0x34 core.a(Reset.cpp.o)
 .debug_loc     0x000002a4      0xb28 core.a(USBCore.cpp.o)
 .debug_loc     0x00000dcc       0xbe core.a(variant.cpp.o)
 .debug_loc     0x00000e8a      0x62b core.a(wiring_analog.c.o)
 .debug_loc     0x000014b5       0x5e core.a(RingBuffer.cpp.o)
 .debug_loc     0x00001513      0x200 core.a(UARTClass.cpp.o)
 .debug_loc     0x00001713      0x200 core.a(USARTClass.cpp.o)
 .debug_loc     0x00001913      0x57e core.a(CDC.cpp.o)
 .debug_loc     0x00001e91      0x769 core.a(HID.cpp.o)
 .debug_loc     0x000025fa     0x1307 core.a(Print.cpp.o)

.debug_aranges  0x00000000      0x5d8
 .debug_aranges
                0x00000000       0x28 sketch.cpp.o
 .debug_aranges
                0x00000028       0x38 core.a(cortex_handlers.c.o)
 .debug_aranges
                0x00000060       0x30 core.a(hooks.c.o)
 .debug_aranges
                0x00000090       0x38 core.a(wiring.c.o)
 .debug_aranges
                0x000000c8       0x30 core.a(wiring_digital.c.o)
 .debug_aranges
                0x000000f8       0x20 core.a(main.cpp.o)
 .debug_aranges
                0x00000118       0x38 core.a(Reset.cpp.o)
 .debug_aranges
                0x00000150       0xb8 core.a(USBCore.cpp.o)
 .debug_aranges
                0x00000208       0x48 core.a(variant.cpp.o)
 .debug_aranges
                0x00000250       0x50 core.a(wiring_analog.c.o)
 .debug_aranges
                0x000002a0       0x28 core.a(RingBuffer.cpp.o)
 .debug_aranges
                0x000002c8       0x68 core.a(UARTClass.cpp.o)
 .debug_aranges
                0x00000330       0x68 core.a(USARTClass.cpp.o)
 .debug_aranges
                0x00000398       0x88 core.a(CDC.cpp.o)
 .debug_aranges
                0x00000420       0xc8 core.a(HID.cpp.o)
 .debug_aranges
                0x000004e8       0xf0 core.a(Print.cpp.o)

.debug_ranges   0x00000000      0xa38
 .debug_ranges  0x00000000       0x18 sketch.cpp.o
 .debug_ranges  0x00000018       0x28 core.a(cortex_handlers.c.o)
 .debug_ranges  0x00000040       0x20 core.a(hooks.c.o)
 .debug_ranges  0x00000060       0x28 core.a(wiring.c.o)
 .debug_ranges  0x00000088       0x20 core.a(wiring_digital.c.o)
 .debug_ranges  0x000000a8       0x10 core.a(main.cpp.o)
 .debug_ranges  0x000000b8       0x28 core.a(Reset.cpp.o)
 .debug_ranges  0x000000e0      0x328 core.a(USBCore.cpp.o)
 .debug_ranges  0x00000408       0x98 core.a(variant.cpp.o)
 .debug_ranges  0x000004a0       0x88 core.a(wiring_analog.c.o)
 .debug_ranges  0x00000528       0x30 core.a(RingBuffer.cpp.o)
 .debug_ranges  0x00000558       0x88 core.a(UARTClass.cpp.o)
 .debug_ranges  0x000005e0       0x88 core.a(USARTClass.cpp.o)
 .debug_ranges  0x00000668      0x108 core.a(CDC.cpp.o)
 .debug_ranges  0x00000770      0x120 core.a(HID.cpp.o)
 .debug_ranges  0x00000890      0x1a8 core.a(Print.cpp.o)

.debug_line     0x00000000     0x2ab2
 .debug_line    0x00000000      0x149 sketch.cpp.o
 .debug_line    0x00000149      0x166 core.a(cortex_handlers.c.o)
 .debug_line    0x000002af       0x56 core.a(hooks.c.o)
 .debug_line    0x00000305      0x194 core.a(wiring.c.o)
 .debug_line    0x00000499      0x1bc core.a(wiring_digital.c.o)
 .debug_line    0x00000655      0x15b core.a(main.cpp.o)
 .debug_line    0x000007b0      0x1c9 core.a(Reset.cpp.o)
 .debug_line    0x00000979      0x552 core.a(USBCore.cpp.o)
 .debug_line    0x00000ecb      0x326 core.a(variant.cpp.o)
 .debug_line    0x000011f1      0x320 core.a(wiring_analog.c.o)
 .debug_line    0x00001511      0x107 core.a(RingBuffer.cpp.o)
 .debug_line    0x00001618      0x360 core.a(UARTClass.cpp.o)
 .debug_line    0x00001978      0x363 core.a(USARTClass.cpp.o)
 .debug_line    0x00001cdb      0x425 core.a(CDC.cpp.o)
 .debug_line    0x00002100      0x43e core.a(HID.cpp.o)
 .debug_line    0x0000253e      0x574 core.a(Print.cpp.o)

.debug_str      0x00000000     0x3b42
 .debug_str     0x00000000      0x131 sketch.cpp.o
                                0x17e (size before relaxing)
 .debug_str     0x00000131       0x8c core.a(cortex_handlers.c.o)
                                0x1bd (size before relaxing)
 .debug_str     0x000001bd       0x18 core.a(hooks.c.o)
                                 0x60 (size before relaxing)
 .debug_str     0x000001d5       0x57 core.a(wiring.c.o)
                                0x1c7 (size before relaxing)
 .debug_str     0x0000022c      0x510 core.a(wiring_digital.c.o)
                                0x6bb (size before relaxing)
 .debug_str     0x0000073c       0xcb core.a(main.cpp.o)
                                0x22e (size before relaxing)
 .debug_str     0x00000807       0xa8 core.a(Reset.cpp.o)
                                0x21c (size before relaxing)
 .debug_str     0x000008af      0xbb3 core.a(USBCore.cpp.o)
                                0xeb6 (size before relaxing)
 .debug_str     0x00001462      0x88c core.a(variant.cpp.o)
                                0xf77 (size before relaxing)
 .debug_str     0x00001cee      0x76a core.a(wiring_analog.c.o)
                                0xed6 (size before relaxing)
 .debug_str     0x00002458       0x23 core.a(RingBuffer.cpp.o)
                                0x162 (size before relaxing)
 .debug_str     0x0000247b      0xbf7 core.a(UARTClass.cpp.o)
                               0x11ac (size before relaxing)
 .debug_str     0x00003072      0x101 core.a(USARTClass.cpp.o)
                               0x120e (size before relaxing)
 .debug_str     0x00003173      0x387 core.a(CDC.cpp.o)
                               0x16a8 (size before relaxing)
 .debug_str     0x000034fa      0x2e0 core.a(HID.cpp.o)
                                0x6ff (size before relaxing)
 .debug_str     0x000037da      0x368 core.a(Print.cpp.o)
                                0xc6e (size before relaxing)

.debug_frame    0x00000000      0xd64
 .debug_frame   0x00000000       0x38 sketch.cpp.o
 .debug_frame   0x00000038       0x58 core.a(cortex_handlers.c.o)
 .debug_frame   0x00000090       0x40 core.a(hooks.c.o)
 .debug_frame   0x000000d0       0x70 core.a(wiring.c.o)
 .debug_frame   0x00000140       0x64 core.a(wiring_digital.c.o)
 .debug_frame   0x000001a4       0x28 core.a(main.cpp.o)
 .debug_frame   0x000001cc       0x58 core.a(Reset.cpp.o)
 .debug_frame   0x00000224      0x200 core.a(USBCore.cpp.o)
 .debug_frame   0x00000424       0x90 core.a(variant.cpp.o)
 .debug_frame   0x000004b4       0xa4 core.a(wiring_analog.c.o)
 .debug_frame   0x00000558       0x40 core.a(RingBuffer.cpp.o)
 .debug_frame   0x00000598       0xdc core.a(UARTClass.cpp.o)
 .debug_frame   0x00000674       0xdc core.a(USARTClass.cpp.o)
 .debug_frame   0x00000750      0x12c core.a(CDC.cpp.o)
 .debug_frame   0x0000087c      0x1b4 core.a(HID.cpp.o)
 .debug_frame   0x00000a30      0x2dc core.a(Print.cpp.o)
 .debug_frame   0x00000d0c       0x2c c:/program files (x86)/codesourcery/sourcery_codebench_lite_for_arm_eabi/bin/../lib/gcc/arm-none-eabi/4.7.3/../../../../arm-none-eabi/lib/thumb2\libc.a(lib_a-init.o)
 .debug_frame   0x00000d38       0x2c c:/program files (x86)/codesourcery/sourcery_codebench_lite_for_arm_eabi/bin/../lib/gcc/arm-none-eabi/4.7.3/../../../../arm-none-eabi/lib/thumb2\libc.a(lib_a-memset.o)

Cross Reference Table

Symbol                                            File
ADC_Handler                                       core.a(cortex_handlers.c.o)
                                                  libsam_sam3x8e_gcc_rel.a(startup_sam3xa.o)
BusFault_Handler                                  core.a(cortex_handlers.c.o)
                                                  libsam_sam3x8e_gcc_rel.a(startup_sam3xa.o)
CAN0_Handler                                      core.a(cortex_handlers.c.o)
                                                  libsam_sam3x8e_gcc_rel.a(startup_sam3xa.o)
CAN1_Handler                                      core.a(cortex_handlers.c.o)
                                                  libsam_sam3x8e_gcc_rel.a(startup_sam3xa.o)
CDC_GetInterface(unsigned char*)                  core.a(CDC.cpp.o)
                                                  core.a(USBCore.cpp.o)
CDC_GetOtherInterface(unsigned char*)             core.a(CDC.cpp.o)
                                                  core.a(USBCore.cpp.o)
CDC_Setup(Setup&)                                 core.a(CDC.cpp.o)
                                                  core.a(USBCore.cpp.o)
DACC_Handler                                      core.a(cortex_handlers.c.o)
                                                  libsam_sam3x8e_gcc_rel.a(startup_sam3xa.o)
DMAC_Handler                                      core.a(cortex_handlers.c.o)
                                                  libsam_sam3x8e_gcc_rel.a(startup_sam3xa.o)
DebugMon_Handler                                  core.a(cortex_handlers.c.o)
                                                  libsam_sam3x8e_gcc_rel.a(startup_sam3xa.o)
EFC0_Handler                                      core.a(cortex_handlers.c.o)
                                                  libsam_sam3x8e_gcc_rel.a(startup_sam3xa.o)
EFC1_Handler                                      core.a(cortex_handlers.c.o)
                                                  libsam_sam3x8e_gcc_rel.a(startup_sam3xa.o)
EMAC_Handler                                      core.a(cortex_handlers.c.o)
                                                  libsam_sam3x8e_gcc_rel.a(startup_sam3xa.o)
GetTickCount                                      libsam_sam3x8e_gcc_rel.a(timetick.o)
                                                  core.a(wiring.c.o)
HID_GetDescriptor(int)                            core.a(HID.cpp.o)
                                                  core.a(USBCore.cpp.o)
HID_GetInterface(unsigned char*)                  core.a(HID.cpp.o)
                                                  core.a(USBCore.cpp.o)
HID_SendReport(unsigned char, void const*, unsigned long) core.a(HID.cpp.o)
HID_Setup(Setup&)                                 core.a(HID.cpp.o)
                                                  core.a(USBCore.cpp.o)
HSMCI_Handler                                     core.a(cortex_handlers.c.o)
                                                  libsam_sam3x8e_gcc_rel.a(startup_sam3xa.o)
HardFault_Handler                                 core.a(cortex_handlers.c.o)
                                                  libsam_sam3x8e_gcc_rel.a(startup_sam3xa.o)
Keyboard                                          core.a(HID.cpp.o)
Keyboard_::Keyboard_()                            core.a(HID.cpp.o)
Keyboard_::Keyboard_()                            core.a(HID.cpp.o)
Keyboard_::begin()                                core.a(HID.cpp.o)
Keyboard_::end()                                  core.a(HID.cpp.o)
Keyboard_::press(unsigned char)                   core.a(HID.cpp.o)
Keyboard_::release(unsigned char)                 core.a(HID.cpp.o)
Keyboard_::releaseAll()                           core.a(HID.cpp.o)
Keyboard_::sendReport(KeyReport*)                 core.a(HID.cpp.o)
Keyboard_::write(unsigned char)                   core.a(HID.cpp.o)
MemManage_Handler                                 core.a(cortex_handlers.c.o)
                                                  libsam_sam3x8e_gcc_rel.a(startup_sam3xa.o)
Mouse                                             core.a(HID.cpp.o)
Mouse_::Mouse_()                                  core.a(HID.cpp.o)
Mouse_::Mouse_()                                  core.a(HID.cpp.o)
Mouse_::begin()                                   core.a(HID.cpp.o)
Mouse_::buttons(unsigned char)                    core.a(HID.cpp.o)
Mouse_::click(unsigned char)                      core.a(HID.cpp.o)
Mouse_::end()                                     core.a(HID.cpp.o)
Mouse_::isPressed(unsigned char)                  core.a(HID.cpp.o)
Mouse_::move(signed char, signed char, signed char) core.a(HID.cpp.o)
Mouse_::press(unsigned char)                      core.a(HID.cpp.o)
Mouse_::release(unsigned char)                    core.a(HID.cpp.o)
NMI_Handler                                       core.a(cortex_handlers.c.o)
                                                  libsam_sam3x8e_gcc_rel.a(startup_sam3xa.o)
PIOA_Handler                                      core.a(cortex_handlers.c.o)
                                                  libsam_sam3x8e_gcc_rel.a(startup_sam3xa.o)
PIOB_Handler                                      core.a(cortex_handlers.c.o)
                                                  libsam_sam3x8e_gcc_rel.a(startup_sam3xa.o)
PIOC_Handler                                      core.a(cortex_handlers.c.o)
                                                  libsam_sam3x8e_gcc_rel.a(startup_sam3xa.o)
PIOD_Handler                                      core.a(cortex_handlers.c.o)
                                                  libsam_sam3x8e_gcc_rel.a(startup_sam3xa.o)
PIO_Clear                                         libsam_sam3x8e_gcc_rel.a(pio.o)
PIO_Configure                                     libsam_sam3x8e_gcc_rel.a(pio.o)
                                                  core.a(wiring_analog.c.o)
                                                  core.a(variant.cpp.o)
                                                  core.a(wiring_digital.c.o)
PIO_DisableInterrupt                              libsam_sam3x8e_gcc_rel.a(pio.o)
PIO_Get                                           libsam_sam3x8e_gcc_rel.a(pio.o)
                                                  core.a(wiring_digital.c.o)
PIO_GetOutputDataStatus                           libsam_sam3x8e_gcc_rel.a(pio.o)
                                                  core.a(wiring_digital.c.o)
PIO_PullUp                                        libsam_sam3x8e_gcc_rel.a(pio.o)
                                                  core.a(wiring_digital.c.o)
PIO_Set                                           libsam_sam3x8e_gcc_rel.a(pio.o)
PIO_SetDebounceFilter                             libsam_sam3x8e_gcc_rel.a(pio.o)
PIO_SetInput                                      libsam_sam3x8e_gcc_rel.a(pio.o)
PIO_SetOutput                                     libsam_sam3x8e_gcc_rel.a(pio.o)
                                                  core.a(wiring_digital.c.o)
PIO_SetPeripheral                                 libsam_sam3x8e_gcc_rel.a(pio.o)
PMC_Handler                                       core.a(cortex_handlers.c.o)
                                                  libsam_sam3x8e_gcc_rel.a(startup_sam3xa.o)
PWMC_ConfigureChannel                             libsam_sam3x8e_gcc_rel.a(pwmc.o)
                                                  core.a(wiring_analog.c.o)
PWMC_ConfigureChannelExt                          libsam_sam3x8e_gcc_rel.a(pwmc.o)
PWMC_ConfigureClocks                              libsam_sam3x8e_gcc_rel.a(pwmc.o)
                                                  core.a(wiring_analog.c.o)
PWMC_ConfigureComparisonUnit                      libsam_sam3x8e_gcc_rel.a(pwmc.o)
PWMC_ConfigureEventLineMode                       libsam_sam3x8e_gcc_rel.a(pwmc.o)
PWMC_ConfigureSyncChannel                         libsam_sam3x8e_gcc_rel.a(pwmc.o)
PWMC_DisableChannel                               libsam_sam3x8e_gcc_rel.a(pwmc.o)
PWMC_DisableChannelIt                             libsam_sam3x8e_gcc_rel.a(pwmc.o)
PWMC_DisableIt                                    libsam_sam3x8e_gcc_rel.a(pwmc.o)
PWMC_DisableOverrideOutput                        libsam_sam3x8e_gcc_rel.a(pwmc.o)
PWMC_EnableChannel                                libsam_sam3x8e_gcc_rel.a(pwmc.o)
                                                  core.a(wiring_analog.c.o)
PWMC_EnableChannelIt                              libsam_sam3x8e_gcc_rel.a(pwmc.o)
PWMC_EnableFaultProtection                        libsam_sam3x8e_gcc_rel.a(pwmc.o)
PWMC_EnableIt                                     libsam_sam3x8e_gcc_rel.a(pwmc.o)
PWMC_EnableOverrideOutput                         libsam_sam3x8e_gcc_rel.a(pwmc.o)
PWMC_FaultClear                                   libsam_sam3x8e_gcc_rel.a(pwmc.o)
PWMC_SetDeadTime                                  libsam_sam3x8e_gcc_rel.a(pwmc.o)
PWMC_SetDutyCycle                                 libsam_sam3x8e_gcc_rel.a(pwmc.o)
                                                  core.a(wiring_analog.c.o)
PWMC_SetFaultMode                                 libsam_sam3x8e_gcc_rel.a(pwmc.o)
PWMC_SetFaultProtectionValue                      libsam_sam3x8e_gcc_rel.a(pwmc.o)
PWMC_SetOverrideValue                             libsam_sam3x8e_gcc_rel.a(pwmc.o)
PWMC_SetPeriod                                    libsam_sam3x8e_gcc_rel.a(pwmc.o)
                                                  core.a(wiring_analog.c.o)
PWMC_SetSyncChannelUpdatePeriod                   libsam_sam3x8e_gcc_rel.a(pwmc.o)
PWMC_SetSyncChannelUpdateUnlock                   libsam_sam3x8e_gcc_rel.a(pwmc.o)
PWMC_WriteBuffer                                  libsam_sam3x8e_gcc_rel.a(pwmc.o)
PWM_Handler                                       core.a(cortex_handlers.c.o)
                                                  libsam_sam3x8e_gcc_rel.a(startup_sam3xa.o)
PendSV_Handler                                    core.a(cortex_handlers.c.o)
                                                  libsam_sam3x8e_gcc_rel.a(startup_sam3xa.o)
Print::print(Printable const&)                    core.a(Print.cpp.o)
Print::print(String const&)                       core.a(Print.cpp.o)
Print::print(__FlashStringHelper const*)          core.a(Print.cpp.o)
Print::print(char const*)                         core.a(Print.cpp.o)
Print::print(char)                                core.a(Print.cpp.o)
Print::print(double, int)                         core.a(Print.cpp.o)
Print::print(int, int)                            core.a(Print.cpp.o)
Print::print(long, int)                           core.a(Print.cpp.o)
Print::print(unsigned char, int)                  core.a(Print.cpp.o)
Print::print(unsigned int, int)                   core.a(Print.cpp.o)
Print::print(unsigned long, int)                  core.a(Print.cpp.o)
Print::printFloat(double, unsigned char)          core.a(Print.cpp.o)
Print::printNumber(unsigned long, unsigned char)  core.a(Print.cpp.o)
Print::println()                                  core.a(Print.cpp.o)
Print::println(Printable const&)                  core.a(Print.cpp.o)
Print::println(String const&)                     core.a(Print.cpp.o)
Print::println(__FlashStringHelper const*)        core.a(Print.cpp.o)
Print::println(char const*)                       core.a(Print.cpp.o)
Print::println(char)                              core.a(Print.cpp.o)
Print::println(double, int)                       core.a(Print.cpp.o)
Print::println(int, int)                          core.a(Print.cpp.o)
Print::println(long, int)                         core.a(Print.cpp.o)
Print::println(unsigned char, int)                core.a(Print.cpp.o)
Print::println(unsigned int, int)                 core.a(Print.cpp.o)
Print::println(unsigned long, int)                core.a(Print.cpp.o)
Print::write(char const*)                         core.a(Print.cpp.o)
Print::write(unsigned char const*, unsigned int)  core.a(Print.cpp.o)
                                                  core.a(HID.cpp.o)
                                                  core.a(USARTClass.cpp.o)
                                                  core.a(UARTClass.cpp.o)
RSTC_Handler                                      core.a(cortex_handlers.c.o)
                                                  libsam_sam3x8e_gcc_rel.a(startup_sam3xa.o)
RTC_Handler                                       core.a(cortex_handlers.c.o)
                                                  libsam_sam3x8e_gcc_rel.a(startup_sam3xa.o)
RTT_Handler                                       core.a(cortex_handlers.c.o)
                                                  libsam_sam3x8e_gcc_rel.a(startup_sam3xa.o)
Reset_Handler                                     libsam_sam3x8e_gcc_rel.a(startup_sam3xa.o)
RingBuffer::RingBuffer()                          core.a(RingBuffer.cpp.o)
RingBuffer::RingBuffer()                          core.a(RingBuffer.cpp.o)
                                                  core.a(variant.cpp.o)
RingBuffer::store_char(unsigned char)             core.a(RingBuffer.cpp.o)
                                                  core.a(USARTClass.cpp.o)
                                                  core.a(UARTClass.cpp.o)
RxLEDPulse                                        core.a(USBCore.cpp.o)
SMC_Handler                                       core.a(cortex_handlers.c.o)
                                                  libsam_sam3x8e_gcc_rel.a(startup_sam3xa.o)
SPI0_Handler                                      core.a(cortex_handlers.c.o)
                                                  libsam_sam3x8e_gcc_rel.a(startup_sam3xa.o)
SSC_Handler                                       core.a(cortex_handlers.c.o)
                                                  libsam_sam3x8e_gcc_rel.a(startup_sam3xa.o)
STRING_IMANUFACTURER                              core.a(USBCore.cpp.o)
STRING_IPRODUCT                                   core.a(USBCore.cpp.o)
STRING_LANGUAGE                                   core.a(USBCore.cpp.o)
SUPC_Handler                                      core.a(cortex_handlers.c.o)
                                                  libsam_sam3x8e_gcc_rel.a(startup_sam3xa.o)
SVC_Handler                                       core.a(cortex_handlers.c.o)
                                                  libsam_sam3x8e_gcc_rel.a(startup_sam3xa.o)
Serial                                            core.a(variant.cpp.o)
Serial1                                           core.a(variant.cpp.o)
Serial2                                           core.a(variant.cpp.o)
Serial3                                           core.a(variant.cpp.o)
SerialUSB                                         core.a(CDC.cpp.o)
                                                  core.a(USBCore.cpp.o)
Serial_::accept()                                 core.a(CDC.cpp.o)
                                                  core.a(USBCore.cpp.o)
Serial_::available()                              core.a(CDC.cpp.o)
Serial_::begin(unsigned long)                     core.a(CDC.cpp.o)
Serial_::end()                                    core.a(CDC.cpp.o)
Serial_::flush()                                  core.a(CDC.cpp.o)
Serial_::operator bool()                          core.a(CDC.cpp.o)
Serial_::peek()                                   core.a(CDC.cpp.o)
Serial_::read()                                   core.a(CDC.cpp.o)
Serial_::write(unsigned char const*, unsigned int) core.a(CDC.cpp.o)
Serial_::write(unsigned char)                     core.a(CDC.cpp.o)
Sleep                                             libsam_sam3x8e_gcc_rel.a(timetick.o)
String::String(String const&)                     core.a(WString.cpp.o)
String::String(String const&)                     core.a(WString.cpp.o)
String::String(char const*)                       core.a(WString.cpp.o)
String::String(char const*)                       core.a(WString.cpp.o)
String::String(char)                              core.a(WString.cpp.o)
String::String(char)                              core.a(WString.cpp.o)
String::String(int, unsigned char)                core.a(WString.cpp.o)
String::String(int, unsigned char)                core.a(WString.cpp.o)
String::String(long, unsigned char)               core.a(WString.cpp.o)
String::String(long, unsigned char)               core.a(WString.cpp.o)
String::String(unsigned char, unsigned char)      core.a(WString.cpp.o)
String::String(unsigned char, unsigned char)      core.a(WString.cpp.o)
String::String(unsigned int, unsigned char)       core.a(WString.cpp.o)
String::String(unsigned int, unsigned char)       core.a(WString.cpp.o)
String::String(unsigned long, unsigned char)      core.a(WString.cpp.o)
String::String(unsigned long, unsigned char)      core.a(WString.cpp.o)
String::changeBuffer(unsigned int)                core.a(WString.cpp.o)
String::charAt(unsigned int) const                core.a(WString.cpp.o)
String::compareTo(String const&) const            core.a(WString.cpp.o)
String::concat(String const&)                     core.a(WString.cpp.o)
String::concat(char const*)                       core.a(WString.cpp.o)
String::concat(char const*, unsigned int)         core.a(WString.cpp.o)
String::concat(char)                              core.a(WString.cpp.o)
String::concat(int)                               core.a(WString.cpp.o)
String::concat(long)                              core.a(WString.cpp.o)
String::concat(unsigned char)                     core.a(WString.cpp.o)
String::concat(unsigned int)                      core.a(WString.cpp.o)
String::concat(unsigned long)                     core.a(WString.cpp.o)
String::copy(char const*, unsigned int)           core.a(WString.cpp.o)
String::endsWith(String const&) const             core.a(WString.cpp.o)
String::equals(String const&) const               core.a(WString.cpp.o)
String::equals(char const*) const                 core.a(WString.cpp.o)
String::equalsIgnoreCase(String const&) const     core.a(WString.cpp.o)
String::getBytes(unsigned char*, unsigned int, unsigned int) const core.a(WString.cpp.o)
String::indexOf(String const&) const              core.a(WString.cpp.o)
String::indexOf(String const&, unsigned int) const core.a(WString.cpp.o)
String::indexOf(char) const                       core.a(WString.cpp.o)
String::indexOf(char, unsigned int) const         core.a(WString.cpp.o)
String::invalidate()                              core.a(WString.cpp.o)
String::lastIndexOf(String const&) const          core.a(WString.cpp.o)
String::lastIndexOf(String const&, unsigned int) const core.a(WString.cpp.o)
String::lastIndexOf(char) const                   core.a(WString.cpp.o)
String::lastIndexOf(char, unsigned int) const     core.a(WString.cpp.o)
String::operator<(String const&) const            core.a(WString.cpp.o)
String::operator<=(String const&) const           core.a(WString.cpp.o)
String::operator=(String const&)                  core.a(WString.cpp.o)
String::operator=(char const*)                    core.a(WString.cpp.o)
String::operator>(String const&) const            core.a(WString.cpp.o)
String::operator>=(String const&) const           core.a(WString.cpp.o)
String::operator[](unsigned int)                  core.a(WString.cpp.o)
String::operator[](unsigned int) const            core.a(WString.cpp.o)
                                                  core.a(Print.cpp.o)
String::replace(String const&, String const&)     core.a(WString.cpp.o)
String::replace(char, char)                       core.a(WString.cpp.o)
String::reserve(unsigned int)                     core.a(WString.cpp.o)
String::setCharAt(unsigned int, char)             core.a(WString.cpp.o)
String::startsWith(String const&) const           core.a(WString.cpp.o)
String::startsWith(String const&, unsigned int) const core.a(WString.cpp.o)
String::substring(unsigned int, unsigned int) const core.a(WString.cpp.o)
String::toInt() const                             core.a(WString.cpp.o)
String::toLowerCase()                             core.a(WString.cpp.o)
String::toUpperCase()                             core.a(WString.cpp.o)
String::trim()                                    core.a(WString.cpp.o)
String::~String()                                 core.a(WString.cpp.o)
String::~String()                                 core.a(WString.cpp.o)
SysTick_Handler                                   core.a(cortex_handlers.c.o)
                                                  libsam_sam3x8e_gcc_rel.a(startup_sam3xa.o)
SystemCoreClock                                   libsam_sam3x8e_gcc_rel.a(system_sam3xa.o)
                                                  core.a(USARTClass.cpp.o)
                                                  core.a(UARTClass.cpp.o)
                                                  core.a(variant.cpp.o)
                                                  core.a(wiring.c.o)
SystemCoreClockUpdate                             libsam_sam3x8e_gcc_rel.a(system_sam3xa.o)
SystemInit                                        libsam_sam3x8e_gcc_rel.a(system_sam3xa.o)
                                                  core.a(variant.cpp.o)
TC0_Handler                                       core.a(cortex_handlers.c.o)
                                                  libsam_sam3x8e_gcc_rel.a(startup_sam3xa.o)
TC1_Handler                                       core.a(cortex_handlers.c.o)
                                                  libsam_sam3x8e_gcc_rel.a(startup_sam3xa.o)
TC2_Handler                                       core.a(cortex_handlers.c.o)
                                                  libsam_sam3x8e_gcc_rel.a(startup_sam3xa.o)
TC3_Handler                                       core.a(cortex_handlers.c.o)
                                                  libsam_sam3x8e_gcc_rel.a(startup_sam3xa.o)
TC4_Handler                                       core.a(cortex_handlers.c.o)
                                                  libsam_sam3x8e_gcc_rel.a(startup_sam3xa.o)
TC5_Handler                                       core.a(cortex_handlers.c.o)
                                                  libsam_sam3x8e_gcc_rel.a(startup_sam3xa.o)
TC6_Handler                                       core.a(cortex_handlers.c.o)
                                                  libsam_sam3x8e_gcc_rel.a(startup_sam3xa.o)
TC7_Handler                                       core.a(cortex_handlers.c.o)
                                                  libsam_sam3x8e_gcc_rel.a(startup_sam3xa.o)
TC8_Handler                                       core.a(cortex_handlers.c.o)
                                                  libsam_sam3x8e_gcc_rel.a(startup_sam3xa.o)
TC_Configure                                      libsam_sam3x8e_gcc_rel.a(tc.o)
                                                  core.a(wiring_analog.c.o)
TC_FindMckDivisor                                 libsam_sam3x8e_gcc_rel.a(tc.o)
TC_GetStatus                                      libsam_sam3x8e_gcc_rel.a(tc.o)
TC_ReadCV                                         libsam_sam3x8e_gcc_rel.a(tc.o)
TC_SetRA                                          libsam_sam3x8e_gcc_rel.a(tc.o)
                                                  core.a(wiring_analog.c.o)
TC_SetRB                                          libsam_sam3x8e_gcc_rel.a(tc.o)
                                                  core.a(wiring_analog.c.o)
TC_SetRC                                          libsam_sam3x8e_gcc_rel.a(tc.o)
                                                  core.a(wiring_analog.c.o)
TC_Start                                          libsam_sam3x8e_gcc_rel.a(tc.o)
                                                  core.a(wiring_analog.c.o)
TC_Stop                                           libsam_sam3x8e_gcc_rel.a(tc.o)
TRNG_Handler                                      core.a(cortex_handlers.c.o)
                                                  libsam_sam3x8e_gcc_rel.a(startup_sam3xa.o)
TWI0_Handler                                      core.a(cortex_handlers.c.o)
                                                  libsam_sam3x8e_gcc_rel.a(startup_sam3xa.o)
TWI1_Handler                                      core.a(cortex_handlers.c.o)
                                                  libsam_sam3x8e_gcc_rel.a(startup_sam3xa.o)
TimeTick_Configure                                libsam_sam3x8e_gcc_rel.a(timetick.o)
TimeTick_Increment                                libsam_sam3x8e_gcc_rel.a(timetick.o)
                                                  core.a(cortex_handlers.c.o)
TxLEDPulse                                        core.a(USBCore.cpp.o)
UARTClass::IrqHandler()                           core.a(UARTClass.cpp.o)
                                                  core.a(variant.cpp.o)
UARTClass::UARTClass(Uart*, IRQn, unsigned long, RingBuffer*) core.a(UARTClass.cpp.o)
                                                  core.a(variant.cpp.o)
UARTClass::UARTClass(Uart*, IRQn, unsigned long, RingBuffer*) core.a(UARTClass.cpp.o)
UARTClass::available()                            core.a(UARTClass.cpp.o)
UARTClass::begin(unsigned long)                   core.a(UARTClass.cpp.o)
UARTClass::end()                                  core.a(UARTClass.cpp.o)
UARTClass::flush()                                core.a(UARTClass.cpp.o)
UARTClass::operator bool()                        core.a(UARTClass.cpp.o)
UARTClass::peek()                                 core.a(UARTClass.cpp.o)
UARTClass::read()                                 core.a(UARTClass.cpp.o)
UARTClass::write(unsigned char)                   core.a(UARTClass.cpp.o)
UART_Handler                                      core.a(variant.cpp.o)
                                                  core.a(cortex_handlers.c.o)
                                                  libsam_sam3x8e_gcc_rel.a(startup_sam3xa.o)
UDD_Attach                                        libsam_sam3x8e_gcc_rel.a(uotghs_device.o)
                                                  core.a(USBCore.cpp.o)
UDD_ClearIN                                       libsam_sam3x8e_gcc_rel.a(uotghs_device.o)
                                                  core.a(USBCore.cpp.o)
UDD_ClearOUT                                      libsam_sam3x8e_gcc_rel.a(uotghs_device.o)
                                                  core.a(USBCore.cpp.o)
UDD_ClearSetupInt                                 libsam_sam3x8e_gcc_rel.a(uotghs_device.o)
                                                  core.a(USBCore.cpp.o)
UDD_Detach                                        libsam_sam3x8e_gcc_rel.a(uotghs_device.o)
                                                  core.a(USBCore.cpp.o)
UDD_FifoByteCount                                 libsam_sam3x8e_gcc_rel.a(uotghs_device.o)
                                                  core.a(USBCore.cpp.o)
UDD_GetFrameNumber                                libsam_sam3x8e_gcc_rel.a(uotghs_device.o)
                                                  core.a(USBCore.cpp.o)
UDD_Init                                          libsam_sam3x8e_gcc_rel.a(uotghs_device.o)
                                                  core.a(USBCore.cpp.o)
UDD_InitEP                                        libsam_sam3x8e_gcc_rel.a(uotghs_device.o)
                                                  core.a(USBCore.cpp.o)
UDD_InitEndpoints                                 libsam_sam3x8e_gcc_rel.a(uotghs_device.o)
                                                  core.a(USBCore.cpp.o)
UDD_ReadWriteAllowed                              libsam_sam3x8e_gcc_rel.a(uotghs_device.o)
UDD_ReceivedSetupInt                              libsam_sam3x8e_gcc_rel.a(uotghs_device.o)
                                                  core.a(USBCore.cpp.o)
UDD_Recv                                          libsam_sam3x8e_gcc_rel.a(uotghs_device.o)
                                                  core.a(USBCore.cpp.o)
UDD_Recv8                                         libsam_sam3x8e_gcc_rel.a(uotghs_device.o)
                                                  core.a(USBCore.cpp.o)
UDD_ReleaseRX                                     libsam_sam3x8e_gcc_rel.a(uotghs_device.o)
                                                  core.a(USBCore.cpp.o)
UDD_ReleaseTX                                     libsam_sam3x8e_gcc_rel.a(uotghs_device.o)
                                                  core.a(USBCore.cpp.o)
UDD_Send                                          libsam_sam3x8e_gcc_rel.a(uotghs_device.o)
                                                  core.a(USBCore.cpp.o)
UDD_Send8                                         libsam_sam3x8e_gcc_rel.a(uotghs_device.o)
                                                  core.a(USBCore.cpp.o)
UDD_SetAddress                                    libsam_sam3x8e_gcc_rel.a(uotghs_device.o)
                                                  core.a(USBCore.cpp.o)
UDD_SetStack                                      libsam_sam3x8e_gcc_rel.a(uotghs_device.o)
                                                  core.a(USBCore.cpp.o)
UDD_Stall                                         libsam_sam3x8e_gcc_rel.a(uotghs_device.o)
                                                  core.a(USBCore.cpp.o)
UDD_WaitForINOrOUT                                libsam_sam3x8e_gcc_rel.a(uotghs_device.o)
UDD_WaitIN                                        libsam_sam3x8e_gcc_rel.a(uotghs_device.o)
                                                  core.a(USBCore.cpp.o)
UDD_WaitOUT                                       libsam_sam3x8e_gcc_rel.a(uotghs_device.o)
                                                  core.a(USBCore.cpp.o)
UOTGHS_Handler                                    libsam_sam3x8e_gcc_rel.a(uotghs.o)
                                                  libsam_sam3x8e_gcc_rel.a(startup_sam3xa.o)
USART0_Handler                                    core.a(variant.cpp.o)
                                                  core.a(cortex_handlers.c.o)
                                                  libsam_sam3x8e_gcc_rel.a(startup_sam3xa.o)
USART1_Handler                                    core.a(variant.cpp.o)
                                                  core.a(cortex_handlers.c.o)
                                                  libsam_sam3x8e_gcc_rel.a(startup_sam3xa.o)
USART2_Handler                                    core.a(cortex_handlers.c.o)
                                                  libsam_sam3x8e_gcc_rel.a(startup_sam3xa.o)
USART3_Handler                                    core.a(variant.cpp.o)
                                                  core.a(cortex_handlers.c.o)
                                                  libsam_sam3x8e_gcc_rel.a(startup_sam3xa.o)
USARTClass::IrqHandler()                          core.a(USARTClass.cpp.o)
                                                  core.a(variant.cpp.o)
USARTClass::USARTClass(Usart*, IRQn, unsigned long, RingBuffer*) core.a(USARTClass.cpp.o)
                                                  core.a(variant.cpp.o)
USARTClass::USARTClass(Usart*, IRQn, unsigned long, RingBuffer*) core.a(USARTClass.cpp.o)
USARTClass::available()                           core.a(USARTClass.cpp.o)
USARTClass::begin(unsigned long)                  core.a(USARTClass.cpp.o)
USARTClass::end()                                 core.a(USARTClass.cpp.o)
USARTClass::flush()                               core.a(USARTClass.cpp.o)
USARTClass::operator bool()                       core.a(USARTClass.cpp.o)
USARTClass::peek()                                core.a(USARTClass.cpp.o)
USARTClass::read()                                core.a(USARTClass.cpp.o)
USARTClass::write(unsigned char)                  core.a(USARTClass.cpp.o)
USBD_Available(unsigned long)                     core.a(USBCore.cpp.o)
                                                  core.a(CDC.cpp.o)
USBD_ClassInterfaceRequest(Setup&)                core.a(USBCore.cpp.o)
USBD_Connected()                                  core.a(USBCore.cpp.o)
USBD_Flush(unsigned long)                         core.a(USBCore.cpp.o)
                                                  core.a(CDC.cpp.o)
USBD_InitControl(int)                             core.a(USBCore.cpp.o)
USBD_Recv(unsigned long)                          core.a(USBCore.cpp.o)
                                                  core.a(CDC.cpp.o)
USBD_Recv(unsigned long, void*, unsigned long)    core.a(USBCore.cpp.o)
USBD_RecvControl(void*, unsigned long)            core.a(USBCore.cpp.o)
                                                  core.a(CDC.cpp.o)
USBD_Send(unsigned long, void const*, unsigned long) core.a(USBCore.cpp.o)
                                                  core.a(HID.cpp.o)
                                                  core.a(CDC.cpp.o)
USBD_SendControl(unsigned char, void const*, unsigned long) core.a(USBCore.cpp.o)
                                                  core.a(HID.cpp.o)
                                                  core.a(CDC.cpp.o)
USBD_SendInterfaces()                             core.a(USBCore.cpp.o)
USBD_SendOtherInterfaces()                        core.a(USBCore.cpp.o)
USBDevice                                         core.a(USBCore.cpp.o)
                                                  core.a(main.cpp.o)
USBDevice_::USBDevice_()                          core.a(USBCore.cpp.o)
USBDevice_::USBDevice_()                          core.a(USBCore.cpp.o)
USBDevice_::attach()                              core.a(USBCore.cpp.o)
                                                  core.a(main.cpp.o)
USBDevice_::configured()                          core.a(USBCore.cpp.o)
USBDevice_::detach()                              core.a(USBCore.cpp.o)
USBDevice_::poll()                                core.a(USBCore.cpp.o)
USB_DeviceDescriptor                              core.a(USBCore.cpp.o)
USB_DeviceDescriptorA                             core.a(USBCore.cpp.o)
UsageFault_Handler                                core.a(cortex_handlers.c.o)
                                                  libsam_sam3x8e_gcc_rel.a(startup_sam3xa.o)
WDT_Disable                                       libsam_sam3x8e_gcc_rel.a(wdt.o)
                                                  core.a(variant.cpp.o)
WDT_Enable                                        libsam_sam3x8e_gcc_rel.a(wdt.o)
WDT_GetPeriod                                     libsam_sam3x8e_gcc_rel.a(wdt.o)
WDT_GetStatus                                     libsam_sam3x8e_gcc_rel.a(wdt.o)
WDT_Handler                                       core.a(cortex_handlers.c.o)
                                                  libsam_sam3x8e_gcc_rel.a(startup_sam3xa.o)
WDT_Restart                                       libsam_sam3x8e_gcc_rel.a(wdt.o)
Wait                                              libsam_sam3x8e_gcc_rel.a(timetick.o)
_ITM_deregisterTMCloneTable                       c:/program files (x86)/codesourcery/sourcery_codebench_lite_for_arm_eabi/bin/../lib/gcc/arm-none-eabi/4.7.3/thumb2/crtbegin.o
_ITM_registerTMCloneTable                         c:/program files (x86)/codesourcery/sourcery_codebench_lite_for_arm_eabi/bin/../lib/gcc/arm-none-eabi/4.7.3/thumb2/crtbegin.o
_Jv_RegisterClasses                               c:/program files (x86)/codesourcery/sourcery_codebench_lite_for_arm_eabi/bin/../lib/gcc/arm-none-eabi/4.7.3/thumb2/crtbegin.o
_PathLocale                                       c:/program files (x86)/codesourcery/sourcery_codebench_lite_for_arm_eabi/bin/../lib/gcc/arm-none-eabi/4.7.3/../../../../arm-none-eabi/lib/thumb2\libc.a(lib_a-locale.o)
__TMC_END__                                       c:/program files (x86)/codesourcery/sourcery_codebench_lite_for_arm_eabi/bin/../lib/gcc/arm-none-eabi/4.7.3/thumb2/crtend.o
                                                  c:/program files (x86)/codesourcery/sourcery_codebench_lite_for_arm_eabi/bin/../lib/gcc/arm-none-eabi/4.7.3/thumb2/crtbegin.o
__adddf3                                          c:/program files (x86)/codesourcery/sourcery_codebench_lite_for_arm_eabi/bin/../lib/gcc/arm-none-eabi/4.7.3/thumb2\libgcc.a(_arm_addsubdf3.o)
__aeabi_cdcmpeq                                   c:/program files (x86)/codesourcery/sourcery_codebench_lite_for_arm_eabi/bin/../lib/gcc/arm-none-eabi/4.7.3/thumb2\libgcc.a(_arm_cmpdf2.o)
__aeabi_cdcmple                                   c:/program files (x86)/codesourcery/sourcery_codebench_lite_for_arm_eabi/bin/../lib/gcc/arm-none-eabi/4.7.3/thumb2\libgcc.a(_arm_cmpdf2.o)
__aeabi_cdrcmple                                  c:/program files (x86)/codesourcery/sourcery_codebench_lite_for_arm_eabi/bin/../lib/gcc/arm-none-eabi/4.7.3/thumb2\libgcc.a(_arm_cmpdf2.o)
__aeabi_d2iz                                      c:/program files (x86)/codesourcery/sourcery_codebench_lite_for_arm_eabi/bin/../lib/gcc/arm-none-eabi/4.7.3/thumb2\libgcc.a(_arm_fixdfsi.o)
                                                  core.a(Print.cpp.o)
__aeabi_d2uiz                                     c:/program files (x86)/codesourcery/sourcery_codebench_lite_for_arm_eabi/bin/../lib/gcc/arm-none-eabi/4.7.3/thumb2\libgcc.a(_arm_fixunsdfsi.o)
                                                  core.a(Print.cpp.o)
__aeabi_dadd                                      c:/program files (x86)/codesourcery/sourcery_codebench_lite_for_arm_eabi/bin/../lib/gcc/arm-none-eabi/4.7.3/thumb2\libgcc.a(_arm_addsubdf3.o)
                                                  core.a(Print.cpp.o)
__aeabi_dcmpeq                                    c:/program files (x86)/codesourcery/sourcery_codebench_lite_for_arm_eabi/bin/../lib/gcc/arm-none-eabi/4.7.3/thumb2\libgcc.a(_arm_cmpdf2.o)
__aeabi_dcmpge                                    c:/program files (x86)/codesourcery/sourcery_codebench_lite_for_arm_eabi/bin/../lib/gcc/arm-none-eabi/4.7.3/thumb2\libgcc.a(_arm_cmpdf2.o)
__aeabi_dcmpgt                                    c:/program files (x86)/codesourcery/sourcery_codebench_lite_for_arm_eabi/bin/../lib/gcc/arm-none-eabi/4.7.3/thumb2\libgcc.a(_arm_cmpdf2.o)
                                                  core.a(Print.cpp.o)
__aeabi_dcmple                                    c:/program files (x86)/codesourcery/sourcery_codebench_lite_for_arm_eabi/bin/../lib/gcc/arm-none-eabi/4.7.3/thumb2\libgcc.a(_arm_cmpdf2.o)
__aeabi_dcmplt                                    c:/program files (x86)/codesourcery/sourcery_codebench_lite_for_arm_eabi/bin/../lib/gcc/arm-none-eabi/4.7.3/thumb2\libgcc.a(_arm_cmpdf2.o)
                                                  core.a(Print.cpp.o)
__aeabi_ddiv                                      c:/program files (x86)/codesourcery/sourcery_codebench_lite_for_arm_eabi/bin/../lib/gcc/arm-none-eabi/4.7.3/thumb2\libgcc.a(_arm_muldivdf3.o)
                                                  core.a(Print.cpp.o)
__aeabi_dmul                                      c:/program files (x86)/codesourcery/sourcery_codebench_lite_for_arm_eabi/bin/../lib/gcc/arm-none-eabi/4.7.3/thumb2\libgcc.a(_arm_muldivdf3.o)
                                                  core.a(Print.cpp.o)
__aeabi_drsub                                     c:/program files (x86)/codesourcery/sourcery_codebench_lite_for_arm_eabi/bin/../lib/gcc/arm-none-eabi/4.7.3/thumb2\libgcc.a(_arm_addsubdf3.o)
__aeabi_dsub                                      c:/program files (x86)/codesourcery/sourcery_codebench_lite_for_arm_eabi/bin/../lib/gcc/arm-none-eabi/4.7.3/thumb2\libgcc.a(_arm_addsubdf3.o)
                                                  core.a(Print.cpp.o)
__aeabi_f2d                                       c:/program files (x86)/codesourcery/sourcery_codebench_lite_for_arm_eabi/bin/../lib/gcc/arm-none-eabi/4.7.3/thumb2\libgcc.a(_arm_addsubdf3.o)
__aeabi_i2d                                       c:/program files (x86)/codesourcery/sourcery_codebench_lite_for_arm_eabi/bin/../lib/gcc/arm-none-eabi/4.7.3/thumb2\libgcc.a(_arm_addsubdf3.o)
                                                  core.a(Print.cpp.o)
__aeabi_idiv0                                     c:/program files (x86)/codesourcery/sourcery_codebench_lite_for_arm_eabi/bin/../lib/gcc/arm-none-eabi/4.7.3/thumb2\libgcc.a(_dvmd_tls.o)
                                                  c:/program files (x86)/codesourcery/sourcery_codebench_lite_for_arm_eabi/bin/../lib/gcc/arm-none-eabi/4.7.3/thumb2\libgcc.a(_udivsi3.o)
__aeabi_l2d                                       c:/program files (x86)/codesourcery/sourcery_codebench_lite_for_arm_eabi/bin/../lib/gcc/arm-none-eabi/4.7.3/thumb2\libgcc.a(_arm_addsubdf3.o)
__aeabi_ldiv0                                     c:/program files (x86)/codesourcery/sourcery_codebench_lite_for_arm_eabi/bin/../lib/gcc/arm-none-eabi/4.7.3/thumb2\libgcc.a(_dvmd_tls.o)
                                                  c:/program files (x86)/codesourcery/sourcery_codebench_lite_for_arm_eabi/bin/../lib/gcc/arm-none-eabi/4.7.3/thumb2\libgcc.a(_aeabi_uldivmod.o)
__aeabi_ui2d                                      c:/program files (x86)/codesourcery/sourcery_codebench_lite_for_arm_eabi/bin/../lib/gcc/arm-none-eabi/4.7.3/thumb2\libgcc.a(_arm_addsubdf3.o)
                                                  core.a(Print.cpp.o)
__aeabi_uidiv                                     c:/program files (x86)/codesourcery/sourcery_codebench_lite_for_arm_eabi/bin/../lib/gcc/arm-none-eabi/4.7.3/thumb2\libgcc.a(_udivsi3.o)
                                                  c:/program files (x86)/codesourcery/sourcery_codebench_lite_for_arm_eabi/bin/../lib/gcc/arm-none-eabi/4.7.3/thumb2\libgcc.a(_udivdi3.o)
                                                  c:/program files (x86)/codesourcery/sourcery_codebench_lite_for_arm_eabi/bin/../lib/gcc/arm-none-eabi/4.7.3/thumb2\libgcc.a(_divdi3.o)
                                                  c:/program files (x86)/codesourcery/sourcery_codebench_lite_for_arm_eabi/bin/../lib/gcc/arm-none-eabi/4.7.3/../../../../arm-none-eabi/lib/thumb2\libc.a(lib_a-strtol.o)
__aeabi_uidivmod                                  c:/program files (x86)/codesourcery/sourcery_codebench_lite_for_arm_eabi/bin/../lib/gcc/arm-none-eabi/4.7.3/thumb2\libgcc.a(_udivsi3.o)
                                                  c:/program files (x86)/codesourcery/sourcery_codebench_lite_for_arm_eabi/bin/../lib/gcc/arm-none-eabi/4.7.3/thumb2\libgcc.a(_udivdi3.o)
                                                  c:/program files (x86)/codesourcery/sourcery_codebench_lite_for_arm_eabi/bin/../lib/gcc/arm-none-eabi/4.7.3/thumb2\libgcc.a(_divdi3.o)
                                                  c:/program files (x86)/codesourcery/sourcery_codebench_lite_for_arm_eabi/bin/../lib/gcc/arm-none-eabi/4.7.3/../../../../arm-none-eabi/lib/thumb2\libc.a(lib_a-strtol.o)
__aeabi_ul2d                                      c:/program files (x86)/codesourcery/sourcery_codebench_lite_for_arm_eabi/bin/../lib/gcc/arm-none-eabi/4.7.3/thumb2\libgcc.a(_arm_addsubdf3.o)
__aeabi_uldivmod                                  c:/program files (x86)/codesourcery/sourcery_codebench_lite_for_arm_eabi/bin/../lib/gcc/arm-none-eabi/4.7.3/thumb2\libgcc.a(_aeabi_uldivmod.o)
                                                  c:/program files (x86)/codesourcery/sourcery_codebench_lite_for_arm_eabi/bin/../lib/gcc/arm-none-eabi/4.7.3/../../../../arm-none-eabi/lib/thumb2\libc.a(lib_a-vfiprintf.o)
__ascii_wctomb                                    c:/program files (x86)/codesourcery/sourcery_codebench_lite_for_arm_eabi/bin/../lib/gcc/arm-none-eabi/4.7.3/../../../../arm-none-eabi/lib/thumb2\libc.a(lib_a-wctomb_r.o)